../DAD_FORGE/Drivers/_MIDI/Src/cMidi.cpp:32:6:void HAL_UART_RxCpltCallback(UART_HandleTypeDef*)	0	static
../DAD_FORGE/Drivers/_MIDI/Src/cMidi.cpp:41:6:void HAL_UART_RxHalfCpltCallback(UART_HandleTypeDef*)	0	static
../DAD_FORGE/Drivers/_MIDI/Src/cMidi.cpp:62:6:void DadDrivers::cMidi::Initialize(UART_HandleTypeDef*, uint8_t)	0	static
../DAD_FORGE/Drivers/_MIDI/Src/cMidi.cpp:112:6:void DadDrivers::cMidi::addControlChangeCallback(uint8_t, uint32_t, ControlChangeCallback)	40	static
../DAD_FORGE/Drivers/_MIDI/Src/cMidi.cpp:120:6:void DadDrivers::cMidi::removeControlChangeCallback(ControlChangeCallback)	16	static
../DAD_FORGE/Drivers/_MIDI/Src/cMidi.cpp:135:6:void DadDrivers::cMidi::addProgramChangeCallback(uint32_t, ProgramChangeCallback)	32	static
../DAD_FORGE/Drivers/_MIDI/Src/cMidi.cpp:143:6:void DadDrivers::cMidi::removeProgramChangeCallback(ProgramChangeCallback)	24	static
../DAD_FORGE/Drivers/_MIDI/Src/cMidi.cpp:158:6:void DadDrivers::cMidi::addNoteChangeCallback(uint32_t, NoteChangeCallback)	32	static
../DAD_FORGE/Drivers/_MIDI/Src/cMidi.cpp:166:6:void DadDrivers::cMidi::removeNoteChangeCallback(NoteChangeCallback)	24	static
../DAD_FORGE/Drivers/_MIDI/Src/cMidi.cpp:186:6:void DadDrivers::cMidi::OnNoteOn(uint8_t, uint8_t, uint8_t) const	24	static
../DAD_FORGE/Drivers/_MIDI/Src/cMidi.cpp:201:6:void DadDrivers::cMidi::OnNoteOff(uint8_t, uint8_t, uint8_t) const	24	static
../DAD_FORGE/Drivers/_MIDI/Src/cMidi.cpp:216:6:void DadDrivers::cMidi::OnControlChange(uint8_t, uint8_t, uint8_t) const	24	static
../DAD_FORGE/Drivers/_MIDI/Src/cMidi.cpp:232:6:void DadDrivers::cMidi::OnProgramChange(uint8_t, uint8_t) const	16	static
../DAD_FORGE/Drivers/_MIDI/Src/cMidi.cpp:250:9:uint8_t DadDrivers::cMidi::getDataLength(uint8_t) const	0	static
../DAD_FORGE/Drivers/_MIDI/Src/cMidi.cpp:265:6:void DadDrivers::cMidi::parseMessage(uint8_t, uint8_t*) const	24	static
../DAD_FORGE/Drivers/_MIDI/Src/cMidi.cpp:79:6:void DadDrivers::cMidi::ProcessBuffer()	32	static
