../DAD_FORGE/Drivers/_MIDI/Src/usbd_midi_desc.c:115:11:USBD_Midi_FS_DeviceDescriptor	0	static
../DAD_FORGE/Drivers/_MIDI/Src/usbd_midi_desc.c:125:11:USBD_Midi_FS_LangIDStrDescriptor	0	static
../DAD_FORGE/Drivers/_MIDI/Src/usbd_midi_desc.c:135:11:USBD_Midi_FS_ProductStrDescriptor	8	static
../DAD_FORGE/Drivers/_MIDI/Src/usbd_midi_desc.c:146:11:USBD_Midi_FS_ManufacturerStrDescriptor	8	static
../DAD_FORGE/Drivers/_MIDI/Src/usbd_midi_desc.c:169:11:USBD_Midi_FS_ConfigStrDescriptor	8	static
../DAD_FORGE/Drivers/_MIDI/Src/usbd_midi_desc.c:180:11:USBD_Midi_FS_InterfaceStrDescriptor	8	static
../DAD_FORGE/Drivers/_MIDI/Src/usbd_midi_desc.c:157:11:USBD_Midi_FS_SerialStrDescriptor	0	static
