D:/Dev/Cube/OSCAR_P01_FlasherClient/DAD_FORGE/GUI/Core/Inc/GUI_Event.h:32:18:virtual void DadGUI::iGUI_EventListener::on_GUI_RT_Process()	0	static
D:/Dev/Cube/OSCAR_P01_FlasherClient/DAD_FORGE/GUI/Core/Inc/GUI_Event.h:35:18:virtual void DadGUI::iGUI_EventListener::on_GUI_RT_ProcessIn(AudioBuffer*)	0	static
D:/Dev/Cube/OSCAR_P01_FlasherClient/DAD_FORGE/GUI/Core/Inc/GUI_Event.h:38:18:virtual void DadGUI::iGUI_EventListener::on_GUI_RT_ProcessOut(AudioBuffer*)	0	static
D:/Dev/Cube/OSCAR_P01_FlasherClient/DAD_FORGE/GUI/Core/Inc/GUI_Event.h:41:18:virtual void DadGUI::iGUI_EventListener::on_GUI_Update()	0	static
../DAD_FORGE/GUI/Components/Src/cBypassOnOffManager.cpp:43:6:virtual void DadGUI::cBypassOnOffManager::on_GUI_FastUpdate()	4	static,ignoring_inline_asm
D:/Dev/Cube/OSCAR_P01_FlasherClient/DAD_FORGE/GUI/Components/Inc/cBypassOnOffManager.h:44:13:DadGUI::cBypassOnOffManager::~cBypassOnOffManager()	0	static
D:/Dev/Cube/OSCAR_P01_FlasherClient/DAD_FORGE/GUI/Components/Inc/cBypassOnOffManager.h:44:13:virtual DadGUI::cBypassOnOffManager::~cBypassOnOffManager()	8	static
../DAD_FORGE/GUI/Components/Src/cBypassOnOffManager.cpp:27:6:void DadGUI::cBypassOnOffManager::Initialize(volatile uint8_t*)	16	static
