D:/Dev/Cube/OSCAR_P01_FlasherClient/DAD_FORGE/GUI/Components/Inc/cInfoView.h:36:13:DadGUI::cInfoView::~cInfoView()	0	static
D:/Dev/Cube/OSCAR_P01_FlasherClient/DAD_FORGE/GUI/Components/Inc/cInfoView.h:36:13:virtual DadGUI::cInfoView::~cInfoView()	8	static
../DAD_FORGE/GUI/Components/Src/cInfoView.cpp:55:6:virtual void DadGUI::cInfoView::Deactivate()	16	static
../DAD_FORGE/GUI/Components/Src/cInfoView.cpp:30:6:void DadGUI::cInfoView::Init()	32	static
../DAD_FORGE/GUI/Components/Src/cInfoView.cpp:134:6:void DadGUI::cInfoView::ShowView(bool, uint8_t, std::string)	288	static
../DAD_FORGE/GUI/Components/Src/cInfoView.cpp:45:6:virtual void DadGUI::cInfoView::Activate()	48	static
../DAD_FORGE/GUI/Components/Src/cInfoView.cpp:63:6:virtual void DadGUI::cInfoView::Update()	104	static
../DAD_FORGE/GUI/Components/Src/cInfoView.cpp:101:6:virtual void DadGUI::cInfoView::Redraw()	104	static
