D:/Dev/Cube/OSCAR_P01_FlasherClient/DAD_FORGE/GUI/Core/Inc/GUI_Event.h:32:18:virtual void DadGUI::iGUI_EventListener::on_GUI_RT_Process()	0	static
D:/Dev/Cube/OSCAR_P01_FlasherClient/DAD_FORGE/GUI/Core/Inc/GUI_Event.h:35:18:virtual void DadGUI::iGUI_EventListener::on_GUI_RT_ProcessIn(AudioBuffer*)	0	static
D:/Dev/Cube/OSCAR_P01_FlasherClient/DAD_FORGE/GUI/Core/Inc/GUI_Event.h:38:18:virtual void DadGUI::iGUI_EventListener::on_GUI_RT_ProcessOut(AudioBuffer*)	0	static
D:/Dev/Cube/OSCAR_P01_FlasherClient/DAD_FORGE/GUI/Core/Inc/GUI_Event.h:41:18:virtual void DadGUI::iGUI_EventListener::on_GUI_Update()	0	static
D:/Dev/Cube/OSCAR_P01_FlasherClient/DAD_FORGE/GUI/Core/Inc/GUI_Event.h:44:18:virtual void DadGUI::iGUI_EventListener::on_GUI_FastUpdate()	0	static
../DAD_FORGE/GUI/Components/Src/cPanelOfTone.cpp:51:6:virtual void DadGUI::cPanelOfTone::Update()	0	static
../DAD_FORGE/GUI/Components/Src/cPanelOfTone.cpp:69:6:static void DadGUI::cPanelOfTone::BassChange(DadDSP::cParameter*, uint32_t)	0	static
../DAD_FORGE/GUI/Components/Src/cPanelOfTone.cpp:75:6:static void DadGUI::cPanelOfTone::MidChange(DadDSP::cParameter*, uint32_t)	0	static
../DAD_FORGE/GUI/Components/Src/cPanelOfTone.cpp:81:6:static void DadGUI::cPanelOfTone::TrebleChange(DadDSP::cParameter*, uint32_t)	0	static
D:/Dev/Cube/OSCAR_P01_FlasherClient/DAD_FORGE/GUI/Components/Inc/cPanelOfTone.h:27:13:virtual void* DadGUI::cPanelOfTone::_ZThn44_N6DadGUI12cPanelOfToneD1Ev()	24	static
D:/Dev/Cube/OSCAR_P01_FlasherClient/DAD_FORGE/GUI/Components/Inc/cPanelOfTone.h:27:13:DadGUI::cPanelOfTone::~cPanelOfTone()	16	static
D:/Dev/Cube/OSCAR_P01_FlasherClient/DAD_FORGE/GUI/Components/Inc/cPanelOfTone.h:27:13:virtual DadGUI::cPanelOfTone::~cPanelOfTone()	16	static
D:/Dev/Cube/OSCAR_P01_FlasherClient/DAD_FORGE/GUI/Components/Inc/cPanelOfTone.h:27:13:virtual void* DadGUI::cPanelOfTone::_ZThn44_N6DadGUI12cPanelOfToneD0Ev()	24	static
../DAD_FORGE/GUI/Components/Src/cPanelOfTone.cpp:24:6:void DadGUI::cPanelOfTone::Initialize(uint32_t)	160	static
../DAD_FORGE/GUI/Components/Src/cPanelOfTone.cpp:60:6:void DadGUI::cPanelOfTone::Process(AudioBuffer*, AudioBuffer*)	0	static
