../DAD_FORGE/GUI/Components/Src/cPanelOfSystemView.cpp:71:6:static void DadGUI::cPanelOfSystemView::ColorCallback(DadDSP::cParameter*, uint32_t)	8	static
../DAD_FORGE/GUI/Components/Src/cPanelOfSystemView.cpp:83:6:static void DadGUI::cPanelOfSystemView::MIDICallback(DadDSP::cParameter*, uint32_t)	0	static
../DAD_FORGE/GUI/Components/Src/cPanelOfSystemView.cpp:62:6:virtual void DadGUI::cPanelOfSystemView::Update()	0	static
D:/Dev/Cube/OSCAR_P01_FlasherClient/DAD_FORGE/GUI/Components/Inc/cPanelOfSystemView.h:25:13:DadGUI::cPanelOfSystemView::~cPanelOfSystemView()	24	static
D:/Dev/Cube/OSCAR_P01_FlasherClient/DAD_FORGE/GUI/Components/Inc/cPanelOfSystemView.h:25:13:virtual DadGUI::cPanelOfSystemView::~cPanelOfSystemView()	24	static
../DAD_FORGE/GUI/Components/Src/cPanelOfSystemView.cpp:24:6:void DadGUI::cPanelOfSystemView::Initialize(uint32_t)	96	static
