D:/Dev/Cube/OSCAR_P01_FlasherClient/DAD_FORGE/GUI/Components/Inc/cPanelOfParameters.h:19:13:DadGUI::cPanelOfParameterView::~cPanelOfParameterView()	0	static
../DAD_FORGE/GUI/Components/Src/cPanelOfParameters.cpp:99:6:virtual void DadGUI::cPanelOfParameterView::Deactivate()	0	static
D:/Dev/Cube/OSCAR_P01_FlasherClient/DAD_FORGE/GUI/Components/Inc/cPanelOfParameters.h:19:13:virtual DadGUI::cPanelOfParameterView::~cPanelOfParameterView()	8	static
../DAD_FORGE/GUI/Components/Src/cPanelOfParameters.cpp:107:6:virtual void DadGUI::cPanelOfParameterView::Update()	8	static
../DAD_FORGE/GUI/Components/Src/cPanelOfParameters.cpp:130:6:virtual void DadGUI::cPanelOfParameterView::Redraw()	16	static
../DAD_FORGE/GUI/Components/Src/cPanelOfParameters.cpp:67:6:virtual void DadGUI::cPanelOfParameterView::Activate()	24	static
../DAD_FORGE/GUI/Components/Src/cPanelOfParameters.cpp:30:6:void DadGUI::cPanelOfParameterView::Init(DadGUI::cParameterView*, DadGUI::cParameterView*, DadGUI::cParameterView*)	48	static
