D:/Dev/Cube/OSCAR_P01_FlasherClient/DAD_FORGE/GUI/Core/Inc/GUI_Event.h:32:18:virtual void DadGUI::iGUI_EventListener::on_GUI_RT_Process()	0	static
D:/Dev/Cube/OSCAR_P01_FlasherClient/DAD_FORGE/GUI/Core/Inc/GUI_Event.h:35:18:virtual void DadGUI::iGUI_EventListener::on_GUI_RT_ProcessIn(AudioBuffer*)	0	static
D:/Dev/Cube/OSCAR_P01_FlasherClient/DAD_FORGE/GUI/Core/Inc/GUI_Event.h:38:18:virtual void DadGUI::iGUI_EventListener::on_GUI_RT_ProcessOut(AudioBuffer*)	0	static
D:/Dev/Cube/OSCAR_P01_FlasherClient/DAD_FORGE/GUI/Core/Inc/GUI_Event.h:44:18:virtual void DadGUI::iGUI_EventListener::on_GUI_FastUpdate()	0	static
D:/Dev/Cube/OSCAR_P01_FlasherClient/DAD_FORGE/GUI/Components/Inc/cParameterInfoView.h:27:13:DadGUI::cParameterInfoView::~cParameterInfoView()	0	static
D:/Dev/Cube/OSCAR_P01_FlasherClient/DAD_FORGE/GUI/Components/Inc/cParameterInfoView.h:27:13:virtual DadGUI::cParameterInfoView::~cParameterInfoView()	8	static
../DAD_FORGE/GUI/Components/Src/cParameterInfoView.cpp:78:6:virtual void DadGUI::cParameterInfoView::on_GUI_Update()	16	static
D:/Dev/Cube/OSCAR_P01_FlasherClient/DAD_FORGE/GUI/Components/Inc/ParameterViews.h:48:31:virtual const std::string DadGUI::cParameterView::getInfoName()	24	static
../DAD_FORGE/GUI/Components/Src/cParameterInfoView.cpp:23:6:void DadGUI::cParameterInfoView::Init()	40	static
../DAD_FORGE/GUI/Components/Src/cParameterInfoView.cpp:42:6:void DadGUI::cParameterInfoView::ShowParamView(std::string, std::string)	40	static
../DAD_FORGE/GUI/Components/Src/cParameterInfoView.cpp:91:6:static void DadGUI::cParameterInfoView::ParameterChange(void*, uint32_t)	80	static
../DAD_FORGE/GUI/Components/Src/cParameterInfoView.cpp:70:6:void DadGUI::cParameterInfoView::HideParamView()	16	static
