D:/Dev/Cube/OSCAR_P01_FlasherClient/DAD_FORGE/GUI/Components/Inc/cUIMemory.h:48:13:DadGUI::cUIMemory::~cUIMemory()	0	static
D:/Dev/Cube/OSCAR_P01_FlasherClient/DAD_FORGE/GUI/Components/Inc/cUIMemory.h:48:13:virtual DadGUI::cUIMemory::~cUIMemory()	8	static
../DAD_FORGE/GUI/Components/Src/cUIMemory.cpp:52:6:virtual void DadGUI::cUIMemory::Deactivate()	32	static
../DAD_FORGE/GUI/Components/Src/cUIMemory.cpp:24:6:void DadGUI::cUIMemory::Init(uint32_t)	40	static
../DAD_FORGE/GUI/Components/Src/cUIMemory.cpp:175:6:void DadGUI::cUIMemory::drawStatLayer()	72	static
../DAD_FORGE/GUI/Components/Src/cUIMemory.cpp:221:6:void DadGUI::cUIMemory::drawDynLayer()	320	static
../DAD_FORGE/GUI/Components/Src/cUIMemory.cpp:40:6:virtual void DadGUI::cUIMemory::Activate()	24	static
../DAD_FORGE/GUI/Components/Src/cUIMemory.cpp:63:6:virtual void DadGUI::cUIMemory::Update()	8	static
../DAD_FORGE/GUI/Components/Src/cUIMemory.cpp:308:6:virtual void DadGUI::cUIMemory::Redraw()	8	static
