D:/Dev/Cube/OSCAR_P01_FlasherClient/DAD_FORGE/GUI/Components/Inc/cUIMenu.h:37:13:DadGUI::cUIMenu::~cUIMenu()	16	static
D:/Dev/Cube/OSCAR_P01_FlasherClient/DAD_FORGE/GUI/Components/Inc/cUIMenu.h:37:13:virtual DadGUI::cUIMenu::~cUIMenu()	16	static
../DAD_FORGE/GUI/Components/Src/cUIMenu.cpp:87:6:virtual void DadGUI::cUIMenu::Deactivate()	24	static
../DAD_FORGE/GUI/Components/Src/cUIMenu.cpp:35:6:void DadGUI::cUIMenu::Init()	40	static
../DAD_FORGE/GUI/Components/Src/cUIMenu.cpp:155:6:void DadGUI::cUIMenu::drawTab()	40	static
../DAD_FORGE/GUI/Components/Src/cUIMenu.cpp:68:6:virtual void DadGUI::cUIMenu::Activate()	24	static
../DAD_FORGE/GUI/Components/Src/cUIMenu.cpp:103:6:virtual void DadGUI::cUIMenu::Update()	8	static
../DAD_FORGE/GUI/Components/Src/cUIMenu.cpp:139:6:virtual void DadGUI::cUIMenu::Redraw()	8	static
../DAD_FORGE/GUI/Components/Src/cUIMenu.cpp:197:6:void DadGUI::cUIMenu::drawArrowIndicator(bool)	40	static
C:\ST\STM32CubeIDE_2.0.0\STM32CubeIDE\plugins\com.st.stm32cube.ide.mcu.externaltools.gnu-tools-for-stm32.14.3.rel1.win32_1.0.100.202602081740\tools\bin/../lib/gcc/arm-none-eabi/14.3.1/../../../../arm-none-eabi/include/c++/14.3.1/bits/vector.tcc:581:7:) [with _Args = {const DadGUI::MenuItem&}; _Tp = DadGUI::MenuItem; _Alloc = std::allocator<DadGUI::MenuItem>]	56	static
../DAD_FORGE/GUI/Components/Src/cUIMenu.cpp:55:6:void DadGUI::cUIMenu::addMenuItem(DadGUI::iUIComponent*, const std::string&, DadGUI::cUIMenu*)	72	static
