D:/Dev/Cube/OSCAR_P01_FlasherClient/DAD_FORGE/GUI/Core/Inc/iUIComponent.h:53:18:virtual void DadGUI::iUIComponent::Update()	0	static
D:/Dev/Cube/OSCAR_P01_FlasherClient/DAD_FORGE/GUI/Core/Inc/GUI_Event.h:32:18:virtual void DadGUI::iGUI_EventListener::on_GUI_RT_Process()	0	static
D:/Dev/Cube/OSCAR_P01_FlasherClient/DAD_FORGE/GUI/Core/Inc/GUI_Event.h:44:18:virtual void DadGUI::iGUI_EventListener::on_GUI_FastUpdate()	0	static
D:/Dev/Cube/OSCAR_P01_FlasherClient/DAD_FORGE/GUI/Components/Inc/cUIVuMeter.h:27:13:DadGUI::cUIVuMeter::~cUIVuMeter()	0	static
D:/Dev/Cube/OSCAR_P01_FlasherClient/DAD_FORGE/GUI/Components/Inc/cUIVuMeter.h:27:13:virtual DadGUI::cUIVuMeter::~cUIVuMeter()	8	static
../DAD_FORGE/GUI/Components/Src/cUIVuMeter.cpp:272:6:virtual void DadGUI::cUIVuMeter::on_GUI_RT_ProcessIn(AudioBuffer*)	16	static
../DAD_FORGE/GUI/Components/Src/cUIVuMeter.cpp:284:6:virtual void DadGUI::cUIVuMeter::on_GUI_RT_ProcessOut(AudioBuffer*)	16	static
D:/Dev/Cube/OSCAR_P01_FlasherClient/DAD_FORGE/GUI/Components/Inc/cUIVuMeter.h:27:13:virtual void* DadGUI::cUIVuMeter::_ZThn4_N6DadGUI10cUIVuMeterD1Ev()	0	static
D:/Dev/Cube/OSCAR_P01_FlasherClient/DAD_FORGE/GUI/Components/Inc/cUIVuMeter.h:27:13:virtual void* DadGUI::cUIVuMeter::_ZThn4_N6DadGUI10cUIVuMeterD0Ev()	8	static
../DAD_FORGE/GUI/Components/Src/cUIVuMeter.cpp:97:6:virtual void DadGUI::cUIVuMeter::Deactivate()	16	static
D:/Dev/Cube/OSCAR_P01_FlasherClient/DAD_FORGE/GUI/Components/Inc/cUIVuMeter.h:57:10:virtual void DadGUI::cUIVuMeter::_ZThn4_N6DadGUI10cUIVuMeter19on_GUI_RT_ProcessInEP11AudioBuffer(AudioBuffer*)	16	static
D:/Dev/Cube/OSCAR_P01_FlasherClient/DAD_FORGE/GUI/Components/Inc/cUIVuMeter.h:63:10:virtual void DadGUI::cUIVuMeter::_ZThn4_N6DadGUI10cUIVuMeter20on_GUI_RT_ProcessOutEP11AudioBuffer(AudioBuffer*)	16	static
../DAD_FORGE/GUI/Components/Src/cUIVuMeter.cpp:48:6:void DadGUI::cUIVuMeter::Init()	40	static
../DAD_FORGE/GUI/Components/Src/cUIVuMeter.cpp:144:6:void DadGUI::cUIVuMeter::drawStatPartOffLayer()	40	static
../DAD_FORGE/GUI/Components/Src/cUIVuMeter.cpp:181:6:void DadGUI::cUIVuMeter::drawDynPartOffLayer()	64	static
../DAD_FORGE/GUI/Components/Src/cUIVuMeter.cpp:71:6:virtual void DadGUI::cUIVuMeter::Activate()	24	static
../DAD_FORGE/GUI/Components/Src/cUIVuMeter.cpp:119:6:virtual void DadGUI::cUIVuMeter::on_GUI_Update()	0	static
../DAD_FORGE/GUI/Components/Src/cUIVuMeter.cpp:129:6:virtual void DadGUI::cUIVuMeter::Redraw()	8	static
D:/Dev/Cube/OSCAR_P01_FlasherClient/DAD_FORGE/GUI/Components/Inc/cUIVuMeter.h:51:10:virtual void DadGUI::cUIVuMeter::_ZThn4_N6DadGUI10cUIVuMeter13on_GUI_UpdateEv()	0	static
