../DAD_FORGE/GUI/Components/Src/ParameterViews.cpp:57:6:virtual bool DadGUI::cParameterView::Update(uint8_t, DadGFX::cLayer*)	16	static
../DAD_FORGE/GUI/Components/Src/ParameterViews.cpp:383:6:virtual void DadGUI::cParameterDiscretView::Draw(uint8_t, DadGFX::cLayer*, DadGFX::cLayer*)	136	static
../DAD_FORGE/GUI/Components/Src/ParameterViews.cpp:207:6:virtual void DadGUI::cParameterNumNormalView::Draw(uint8_t, DadGFX::cLayer*, DadGFX::cLayer*)	96	static
D:/Dev/Cube/OSCAR_P01_FlasherClient/DAD_FORGE/GUI/Components/Inc/ParameterViews.h:94:7:DadGUI::cParameterNumNormalView::~cParameterNumNormalView()	8	static
D:/Dev/Cube/OSCAR_P01_FlasherClient/DAD_FORGE/GUI/Components/Inc/ParameterViews.h:108:7:DadGUI::cParameterNumLeftRightView::~cParameterNumLeftRightView()	8	static
D:/Dev/Cube/OSCAR_P01_FlasherClient/DAD_FORGE/GUI/Components/Inc/ParameterViews.h:94:7:virtual DadGUI::cParameterNumNormalView::~cParameterNumNormalView()	8	static
D:/Dev/Cube/OSCAR_P01_FlasherClient/DAD_FORGE/GUI/Components/Inc/ParameterViews.h:108:7:virtual DadGUI::cParameterNumLeftRightView::~cParameterNumLeftRightView()	8	static
../DAD_FORGE/GUI/Components/Src/ParameterViews.cpp:442:6:virtual void DadGUI::cParameterDiscretView::DrawDynView(uint8_t, DadGFX::cLayer*)	72	static
D:/Dev/Cube/OSCAR_P01_FlasherClient/DAD_FORGE/GUI/Components/Inc/ParameterViews.h:127:7:DadGUI::cParameterDiscretView::~cParameterDiscretView()	16	static
D:/Dev/Cube/OSCAR_P01_FlasherClient/DAD_FORGE/GUI/Components/Inc/ParameterViews.h:127:7:virtual DadGUI::cParameterDiscretView::~cParameterDiscretView()	16	static
D:/Dev/Cube/OSCAR_P01_FlasherClient/DAD_FORGE/GUI/Components/Inc/ParameterViews.h:48:31:virtual const std::string DadGUI::cParameterView::getInfoName()	24	static
../DAD_FORGE/GUI/Components/Src/ParameterViews.cpp:479:19:virtual const std::string DadGUI::cParameterDiscretView::getInfoValue()	40	static
../DAD_FORGE/GUI/Components/Src/ParameterViews.cpp:39:6:void DadGUI::cParameterView::Init(DadGUI::cUIParameter*, const std::string&, const std::string&)	16	static
../DAD_FORGE/GUI/Components/Src/ParameterViews.cpp:91:6:void DadGUI::cParameterNumView::Init(DadGUI::cUIParameter*, const std::string&, const std::string&, const std::string&, const std::string&, uint8_t)	24	static
../DAD_FORGE/GUI/Components/Src/ParameterViews.cpp:103:13:std::string DadGUI::cParameterNumView::ValueToString() const	88	static
../DAD_FORGE/GUI/Components/Src/ParameterViews.cpp:274:6:virtual void DadGUI::cParameterNumNormalView::DrawDynView(uint8_t, DadGFX::cLayer*)	104	static
../DAD_FORGE/GUI/Components/Src/ParameterViews.cpp:317:6:virtual void DadGUI::cParameterNumLeftRightView::DrawDynView(uint8_t, DadGFX::cLayer*)	104	static
../DAD_FORGE/GUI/Components/Src/ParameterViews.cpp:195:19:virtual const std::string DadGUI::cParameterNumView::getInfoValue()	72	static
C:\ST\STM32CubeIDE_2.0.0\STM32CubeIDE\plugins\com.st.stm32cube.ide.mcu.externaltools.gnu-tools-for-stm32.14.3.rel1.win32_1.0.100.202602081740\tools\bin/../lib/gcc/arm-none-eabi/14.3.1/../../../../arm-none-eabi/include/c++/14.3.1/bits/vector.tcc:581:7:) [with _Args = {const DadGUI::sDiscretValues&}; _Tp = DadGUI::sDiscretValues; _Alloc = std::allocator<DadGUI::sDiscretValues>]	64	static
../DAD_FORGE/GUI/Components/Src/ParameterViews.cpp:369:6:void DadGUI::cParameterDiscretView::AddDiscreteValue(const std::string&, const std::string&)	96	static
