D:/Dev/Cube/OSCAR_P01_FlasherClient/DAD_FORGE/STM_GFX2/Inc/cDisplay.h:432:13:DadGFX::cLayer::~cLayer()	0	static
D:/Dev/Cube/OSCAR_P01_FlasherClient/DAD_FORGE/STM_GFX2/Inc/cDisplay.h:475:13:DadGFX::cImageLayer::~cImageLayer()	0	static
../DAD_FORGE/STM_GFX2/Src/cDisplay.cpp:230:15:virtual DadGFX::DAD_GFX_ERROR DadGFX::cLayer::setPixel(uint16_t, uint16_t, const DadGFX::sColor&)	12	static
D:/Dev/Cube/OSCAR_P01_FlasherClient/DAD_FORGE/STM_GFX2/Inc/cDisplay.h:475:13:virtual DadGFX::cImageLayer::~cImageLayer()	8	static
D:/Dev/Cube/OSCAR_P01_FlasherClient/DAD_FORGE/STM_GFX2/Inc/cDisplay.h:432:13:virtual DadGFX::cLayer::~cLayer()	8	static
../DAD_FORGE/STM_GFX2/Src/cDisplay.cpp:888:6:static void DadGFX::cDisplay::sendRASETDMACmd(void*)	8	static,ignoring_inline_asm
../DAD_FORGE/STM_GFX2/Src/cDisplay.cpp:918:6:static void DadGFX::cDisplay::sendRAWWRDMACmd(void*)	8	static,ignoring_inline_asm
../DAD_FORGE/STM_GFX2/Src/cDisplay.cpp:949:6:static void DadGFX::cDisplay::endDMA(void*)	8	static,ignoring_inline_asm
../DAD_FORGE/STM_GFX2/Src/cDisplay.cpp:873:6:static void DadGFX::cDisplay::sendCASETDMAData(void*)	16	static,ignoring_inline_asm
../DAD_FORGE/STM_GFX2/Src/cDisplay.cpp:903:6:static void DadGFX::cDisplay::sendRASETDMAData(void*)	16	static,ignoring_inline_asm
../DAD_FORGE/STM_GFX2/Src/cDisplay.cpp:933:6:static void DadGFX::cDisplay::sendRAWWRDMAData(void*)	24	static,ignoring_inline_asm
C:\ST\STM32CubeIDE_2.0.0\STM32CubeIDE\plugins\com.st.stm32cube.ide.mcu.externaltools.gnu-tools-for-stm32.14.3.rel1.win32_1.0.100.202602081740\tools\bin/../lib/gcc/arm-none-eabi/14.3.1/../../../../arm-none-eabi/include/c++/14.3.1/bits/stl_algo.h:2607:5:_OutputIterator std::__move_merge(_InputIterator, _InputIterator, _InputIterator, _InputIterator, _OutputIterator, _Compare) [with _InputIterator = __gnu_cxx::__normal_iterator<DadGFX::cLayerBase**, vector<DadGFX::cLayerBase*> >; _OutputIterator = DadGFX::cLayerBase**; _Compare = __gnu_cxx::__ops::_Iter_comp_iter<DadGFX::cDisplay::flush()::<lambda(DadGFX::cLayerBase*, DadGFX::cLayerBase*)> >]	24	static
C:\ST\STM32CubeIDE_2.0.0\STM32CubeIDE\plugins\com.st.stm32cube.ide.mcu.externaltools.gnu-tools-for-stm32.14.3.rel1.win32_1.0.100.202602081740\tools\bin/../lib/gcc/arm-none-eabi/14.3.1/../../../../arm-none-eabi/include/c++/14.3.1/bits/stl_algo.h:1770:5:void std::__insertion_sort(_RandomAccessIterator, _RandomAccessIterator, _Compare) [with _RandomAccessIterator = __gnu_cxx::__normal_iterator<DadGFX::cLayerBase**, vector<DadGFX::cLayerBase*> >; _Compare = __gnu_cxx::__ops::_Iter_comp_iter<DadGFX::cDisplay::flush()::<lambda(DadGFX::cLayerBase*, DadGFX::cLayerBase*)> >]	24	static
C:\ST\STM32CubeIDE_2.0.0\STM32CubeIDE\plugins\com.st.stm32cube.ide.mcu.externaltools.gnu-tools-for-stm32.14.3.rel1.win32_1.0.100.202602081740\tools\bin/../lib/gcc/arm-none-eabi/14.3.1/../../../../arm-none-eabi/include/c++/14.3.1/bits/stl_algo.h:2674:5:void std::__merge_sort_with_buffer(_RandomAccessIterator, _RandomAccessIterator, _Pointer, _Compare) [with _RandomAccessIterator = __gnu_cxx::__normal_iterator<DadGFX::cLayerBase**, vector<DadGFX::cLayerBase*> >; _Pointer = DadGFX::cLayerBase**; _Compare = __gnu_cxx::__ops::_Iter_comp_iter<DadGFX::cDisplay::flush()::<lambda(DadGFX::cLayerBase*, DadGFX::cLayerBase*)> >]	72	static
C:\ST\STM32CubeIDE_2.0.0\STM32CubeIDE\plugins\com.st.stm32cube.ide.mcu.externaltools.gnu-tools-for-stm32.14.3.rel1.win32_1.0.100.202602081740\tools\bin/../lib/gcc/arm-none-eabi/14.3.1/../../../../arm-none-eabi/include/c++/14.3.1/bits/stl_algo.h:2359:5:void std::__merge_adaptive(_BidirectionalIterator, _BidirectionalIterator, _BidirectionalIterator, _Distance, _Distance, _Pointer, _Compare) [with _BidirectionalIterator = __gnu_cxx::__normal_iterator<DadGFX::cLayerBase**, vector<DadGFX::cLayerBase*> >; _Distance = int; _Pointer = DadGFX::cLayerBase**; _Compare = __gnu_cxx::__ops::_Iter_comp_iter<DadGFX::cDisplay::flush()::<lambda(DadGFX::cLayerBase*, DadGFX::cLayerBase*)> >]	32	static
C:\ST\STM32CubeIDE_2.0.0\STM32CubeIDE\plugins\com.st.stm32cube.ide.mcu.externaltools.gnu-tools-for-stm32.14.3.rel1.win32_1.0.100.202602081740\tools\bin/../lib/gcc/arm-none-eabi/14.3.1/../../../../arm-none-eabi/include/c++/14.3.1/bits/stl_algo.h:1235:5:_RandomAccessIterator std::_V2::__rotate(_RandomAccessIterator, _RandomAccessIterator, _RandomAccessIterator, std::random_access_iterator_tag) [with _RandomAccessIterator = __gnu_cxx::__normal_iterator<DadGFX::cLayerBase**, std::vector<DadGFX::cLayerBase*> >]	48	static
C:\ST\STM32CubeIDE_2.0.0\STM32CubeIDE\plugins\com.st.stm32cube.ide.mcu.externaltools.gnu-tools-for-stm32.14.3.rel1.win32_1.0.100.202602081740\tools\bin/../lib/gcc/arm-none-eabi/14.3.1/../../../../arm-none-eabi/include/c++/14.3.1/bits/stl_algo.h:2435:5:void std::__merge_without_buffer(_BidirectionalIterator, _BidirectionalIterator, _BidirectionalIterator, _Distance, _Distance, _Compare) [with _BidirectionalIterator = __gnu_cxx::__normal_iterator<DadGFX::cLayerBase**, vector<DadGFX::cLayerBase*> >; _Distance = int; _Compare = __gnu_cxx::__ops::_Iter_comp_iter<DadGFX::cDisplay::flush()::<lambda(DadGFX::cLayerBase*, DadGFX::cLayerBase*)> >]	48	static
../DAD_FORGE/STM_GFX2/Src/cDisplay.cpp:383:15:virtual DadGFX::DAD_GFX_ERROR DadGFX::cLayer::eraseLayer(const DadGFX::sColor&)	64	static
../DAD_FORGE/STM_GFX2/Src/cDisplay.cpp:95:15:virtual DadGFX::DAD_GFX_ERROR DadGFX::cLayer::setRectangle(uint16_t, uint16_t, uint16_t, uint16_t, const DadGFX::sColor&)	36	static
D:/Dev/Cube/OSCAR_P01_FlasherClient/DAD_FORGE/STM_GFX2/Inc/cDisplay.h:451:27:virtual DadGFX::DAD_GFX_ERROR DadGFX::cLayer::_ZThn24_N6DadGFX6cLayer8setPixelEttRKNS_6sColorE(uint16_t, uint16_t, const DadGFX::sColor&)	12	static
../DAD_FORGE/STM_GFX2/Src/cDisplay.cpp:297:15:virtual DadGFX::DAD_GFX_ERROR DadGFX::cLayer::fillRectWithBitmap(uint16_t, uint16_t, const uint8_t*, uint16_t, uint16_t, const DadGFX::sColor&, const DadGFX::sColor&)	56	static
C:\ST\STM32CubeIDE_2.0.0\STM32CubeIDE\plugins\com.st.stm32cube.ide.mcu.externaltools.gnu-tools-for-stm32.14.3.rel1.win32_1.0.100.202602081740\tools\bin/../lib/gcc/arm-none-eabi/14.3.1/../../../../arm-none-eabi/include/c++/14.3.1/bits/stl_algo.h:2743:5:void std::__inplace_stable_sort(_RandomAccessIterator, _RandomAccessIterator, _Compare) [with _RandomAccessIterator = __gnu_cxx::__normal_iterator<DadGFX::cLayerBase**, vector<DadGFX::cLayerBase*> >; _Compare = __gnu_cxx::__ops::_Iter_comp_iter<DadGFX::cDisplay::flush()::<lambda(DadGFX::cLayerBase*, DadGFX::cLayerBase*)> >]	80	static
../DAD_FORGE/STM_GFX2/Src/cDisplay.cpp:23:6:void DadGFX::Cmd_CASET::setData(uint16_t, uint16_t)	16	static
../DAD_FORGE/STM_GFX2/Src/cDisplay.cpp:767:6:0(uint16_t, uint16_t)	16	static,ignoring_inline_asm
../DAD_FORGE/STM_GFX2/Src/cDisplay.cpp:43:6:void DadGFX::Cmd_RASET::setData(uint16_t, uint16_t)	4	static
../DAD_FORGE/STM_GFX2/Src/cDisplay.cpp:61:6:void DadGFX::cImageLayer::init(DadGFX::cDisplay*, const uint8_t*, uint16_t, uint16_t, uint16_t, uint16_t, uint8_t, uint8_t)	8	static
../DAD_FORGE/STM_GFX2/Src/cDisplay.cpp:81:6:void DadGFX::cLayer::init(DadGFX::cDisplay*, DadGFX::sColor*, uint16_t, uint16_t, uint16_t, uint16_t, uint8_t)	8	static
../DAD_FORGE/STM_GFX2/Src/cDisplay.cpp:394:15:DadGFX::DAD_GFX_ERROR DadGFX::cLayerBase::moveLayer(uint16_t, uint16_t)	32	static
../DAD_FORGE/STM_GFX2/Src/cDisplay.cpp:419:1:DadGFX::cDisplay::cDisplay()	0	static
../DAD_FORGE/STM_GFX2/Src/cDisplay.cpp:426:1:DadGFX::cDisplay::~cDisplay()	16	static
../DAD_FORGE/STM_GFX2/Src/cDisplay.cpp:437:6:void DadGFX::cDisplay::init(SPI_HandleTypeDef*, DadGFX::sFIFO_Data*, DadGFX::sColor*)	24	static
../DAD_FORGE/STM_GFX2/Src/cDisplay.cpp:515:6:void DadGFX::cDisplay::invalidateRect(uint16_t, uint16_t, uint16_t, uint16_t)	20	static
../DAD_FORGE/STM_GFX2/Src/cDisplay.cpp:543:6:void DadGFX::cDisplay::setOrientation(Rotation)	16	static
../DAD_FORGE/STM_GFX2/Src/cDisplay.cpp:565:6:void DadGFX::cDisplay::switchOrientation(DadGFX::ORIENTATION)	0	static
../DAD_FORGE/STM_GFX2/Src/cDisplay.cpp:641:6:void DadGFX::cDisplay::Blend2Bloc(uint32_t, uint32_t, uint32_t, DadGFX::sColor*, DadGFX::sColor*, DadGFX::sColor*, uint32_t, uint32_t)	12	static
../DAD_FORGE/STM_GFX2/Src/cDisplay.cpp:767:6:bool DadGFX::cDisplay::AddBloc(uint16_t, uint16_t)	8	static,ignoring_inline_asm
../DAD_FORGE/STM_GFX2/Src/cDisplay.cpp:837:6:bool DadGFX::cDisplay::sendDMA()	8	static,ignoring_inline_asm
C:\ST\STM32CubeIDE_2.0.0\STM32CubeIDE\plugins\com.st.stm32cube.ide.mcu.externaltools.gnu-tools-for-stm32.14.3.rel1.win32_1.0.100.202602081740\tools\bin/../lib/gcc/arm-none-eabi/14.3.1/../../../../arm-none-eabi/include/c++/14.3.1/bits/vector.tcc:581:7:) [with _Args = {DadGFX::cLayerBase*}; _Tp = DadGFX::cLayerBase*; _Alloc = std::allocator<DadGFX::cLayerBase*>]	32	static
../DAD_FORGE/STM_GFX2/Src/cDisplay.cpp:472:9:DadGFX::cLayer* DadGFX::cDisplay::addLayer(DadGFX::sColor*, uint16_t, uint16_t, uint16_t, uint16_t, uint8_t)	48	static
../DAD_FORGE/STM_GFX2/Src/cDisplay.cpp:495:14:DadGFX::cImageLayer* DadGFX::cDisplay::addLayer(const uint8_t*, uint16_t, uint16_t, uint16_t, uint16_t, uint8_t, uint8_t)	64	static
C:\ST\STM32CubeIDE_2.0.0\STM32CubeIDE\plugins\com.st.stm32cube.ide.mcu.externaltools.gnu-tools-for-stm32.14.3.rel1.win32_1.0.100.202602081740\tools\bin/../lib/gcc/arm-none-eabi/14.3.1/../../../../arm-none-eabi/include/c++/14.3.1/bits/stl_algo.h:2321:5:_BidirectionalIterator1 std::__rotate_adaptive(_BidirectionalIterator1, _BidirectionalIterator1, _BidirectionalIterator1, _Distance, _Distance, _BidirectionalIterator2, _Distance) [with _BidirectionalIterator1 = __gnu_cxx::__normal_iterator<DadGFX::cLayerBase**, vector<DadGFX::cLayerBase*> >; _BidirectionalIterator2 = DadGFX::cLayerBase**; _Distance = int]	32	static
C:\ST\STM32CubeIDE_2.0.0\STM32CubeIDE\plugins\com.st.stm32cube.ide.mcu.externaltools.gnu-tools-for-stm32.14.3.rel1.win32_1.0.100.202602081740\tools\bin/../lib/gcc/arm-none-eabi/14.3.1/../../../../arm-none-eabi/include/c++/14.3.1/bits/stl_algo.h:2382:5:void std::__merge_adaptive_resize(_BidirectionalIterator, _BidirectionalIterator, _BidirectionalIterator, _Distance, _Distance, _Pointer, _Distance, _Compare) [with _BidirectionalIterator = __gnu_cxx::__normal_iterator<DadGFX::cLayerBase**, vector<DadGFX::cLayerBase*> >; _Distance = int; _Pointer = DadGFX::cLayerBase**; _Compare = __gnu_cxx::__ops::_Iter_comp_iter<DadGFX::cDisplay::flush()::<lambda(DadGFX::cLayerBase*, DadGFX::cLayerBase*)> >]	64	static
C:\ST\STM32CubeIDE_2.0.0\STM32CubeIDE\plugins\com.st.stm32cube.ide.mcu.externaltools.gnu-tools-for-stm32.14.3.rel1.win32_1.0.100.202602081740\tools\bin/../lib/gcc/arm-none-eabi/14.3.1/../../../../arm-none-eabi/include/c++/14.3.1/bits/stl_algo.h:2716:5:void std::__stable_sort_adaptive_resize(_RandomAccessIterator, _RandomAccessIterator, _Pointer, _Distance, _Compare) [with _RandomAccessIterator = __gnu_cxx::__normal_iterator<DadGFX::cLayerBase**, vector<DadGFX::cLayerBase*> >; _Pointer = DadGFX::cLayerBase**; _Distance = int; _Compare = __gnu_cxx::__ops::_Iter_comp_iter<DadGFX::cDisplay::flush()::<lambda(DadGFX::cLayerBase*, DadGFX::cLayerBase*)> >]	48	static
../DAD_FORGE/STM_GFX2/Src/cDisplay.cpp:677:6:void DadGFX::cDisplay::flush()	88	static,ignoring_inline_asm
