../DAD_FORGE/STM_GFX2/Src/GFX.cpp:33:6:void DadGFX::cFont::Init(const DadGFX::GFXCFont*)	8	static
../DAD_FORGE/STM_GFX2/Src/GFX.cpp:65:1:DadGFX::cFont::cFont(DadGFX::GFXBinFont*)	24	static
../DAD_FORGE/STM_GFX2/Src/GFX.cpp:84:10:uint16_t DadGFX::cFont::getTextWidth(const char*)	4	static
../DAD_FORGE/STM_GFX2/Src/GFX.cpp:106:6:void DadGFX::cGFX::drawRect(uint16_t, uint16_t, uint16_t, uint16_t, uint16_t, const DadGFX::sColor&)	48	static
../DAD_FORGE/STM_GFX2/Src/GFX.cpp:115:6:void DadGFX::cGFX::drawLine(uint16_t, uint16_t, uint16_t, uint16_t, const DadGFX::sColor&)	56	static
../DAD_FORGE/STM_GFX2/Src/GFX.cpp:174:6:void DadGFX::cGFX::drawCircle(uint16_t, uint16_t, uint16_t, const DadGFX::sColor&)	56	static
../DAD_FORGE/STM_GFX2/Src/GFX.cpp:202:6:void DadGFX::cGFX::drawFillCircle(uint16_t, uint16_t, uint16_t, const DadGFX::sColor&)	64	static
../DAD_FORGE/STM_GFX2/Src/GFX.cpp:242:6:void DadGFX::cGFX::drawArc(uint16_t, uint16_t, uint16_t, uint16_t, uint16_t, const DadGFX::sColor&)	64	static
../DAD_FORGE/STM_GFX2/Src/GFX.cpp:312:6:void DadGFX::cGFX::drawChar(char)	40	static
../DAD_FORGE/STM_GFX2/Src/GFX.cpp:327:6:void DadGFX::cGFX::drawText(const char*)	48	static
