D:/Dev/Cube/OSCAR_P01_FlasherClient/DAD_FORGE/GUI/Core/Inc/GUI_Event.h:32:18:virtual void DadGUI::iGUI_EventListener::on_GUI_RT_Process()	0	static
D:/Dev/Cube/OSCAR_P01_FlasherClient/DAD_FORGE/GUI/Core/Inc/GUI_Event.h:35:18:virtual void DadGUI::iGUI_EventListener::on_GUI_RT_ProcessIn(AudioBuffer*)	0	static
D:/Dev/Cube/OSCAR_P01_FlasherClient/DAD_FORGE/GUI/Core/Inc/GUI_Event.h:38:18:virtual void DadGUI::iGUI_EventListener::on_GUI_RT_ProcessOut(AudioBuffer*)	0	static
D:/Dev/Cube/OSCAR_P01_FlasherClient/DAD_FORGE/GUI/Core/Inc/GUI_Event.h:41:18:virtual void DadGUI::iGUI_EventListener::on_GUI_Update()	0	static
../DAD_FORGE/Effects/_EffectBase/Src/cEffectBase.cpp:95:6:static void DadEffect::cEffectBase::StartRestoreEvent(void*, uint32_t)	0	static
../DAD_FORGE/Effects/_EffectBase/Src/cEffectBase.cpp:110:6:static void DadEffect::cEffectBase::EndRestoreEvent(void*, uint32_t)	0	static
../DAD_FORGE/Effects/_EffectBase/Src/cEffectBase.cpp:122:6:virtual void DadEffect::cEffectBase::on_GUI_FastUpdate()	8	static
../DAD_FORGE/Effects/_EffectBase/Src/cEffectBase.cpp:18:6:void DadEffect::cEffectBase::Initialize()	64	static
../DAD_FORGE/Effects/_EffectBase/Src/cEffectBase.cpp:62:6:void DadEffect::cEffectBase::Process(AudioBuffer*, AudioBuffer*, eOnOff, bool)	32	static
