D:/Dev/Cube/OSCAR_P01_FlasherClient/DAD_FORGE/GUI/Core/Inc/GUI_Event.h:32:18:virtual void DadGUI::iGUI_EventListener::on_GUI_RT_Process()	0	static
D:/Dev/Cube/OSCAR_P01_FlasherClient/DAD_FORGE/GUI/Core/Inc/GUI_Event.h:35:18:virtual void DadGUI::iGUI_EventListener::on_GUI_RT_ProcessIn(AudioBuffer*)	0	static
D:/Dev/Cube/OSCAR_P01_FlasherClient/DAD_FORGE/GUI/Core/Inc/GUI_Event.h:38:18:virtual void DadGUI::iGUI_EventListener::on_GUI_RT_ProcessOut(AudioBuffer*)	0	static
D:/Dev/Cube/OSCAR_P01_FlasherClient/DAD_FORGE/GUI/Core/Inc/GUI_Event.h:41:18:virtual void DadGUI::iGUI_EventListener::on_GUI_Update()	0	static
../DAD_FORGE/Effects/_EffectBase/Src/MultiModeEffect.cpp:149:10:static void DadEffect::cMainMultiModeEffect::EffectChange(DadDSP::cParameter*, uint32_t)	0	static
../DAD_FORGE/Effects/_EffectBase/Src/MultiModeEffect.cpp:163:10:static void DadEffect::cMainMultiModeEffect::StartRestoreEvent(void*, uint32_t)	0	static
../DAD_FORGE/Effects/_EffectBase/Src/MultiModeEffect.cpp:179:10:static void DadEffect::cMainMultiModeEffect::EndRestoreEvent(void*, uint32_t)	24	static
D:/Dev/Cube/OSCAR_P01_FlasherClient/DAD_FORGE/Effects/_EffectBase/Inc/MultiModeEffect.h:130:7:virtual DadEffect::cMainMultiModeEffect::~cMainMultiModeEffect()	24	static
D:/Dev/Cube/OSCAR_P01_FlasherClient/DAD_FORGE/Effects/_EffectBase/Inc/MultiModeEffect.h:130:7:DadEffect::cMainMultiModeEffect::~cMainMultiModeEffect()	24	static
../DAD_FORGE/Effects/_EffectBase/Src/MultiModeEffect.cpp:25:10:void DadEffect::cMultiModeEffectBase::Initialize()	8	static
../DAD_FORGE/Effects/_EffectBase/Src/MultiModeEffect.cpp:34:10:void DadEffect::cMultiModeEffectBase::Activate()	8	static
../DAD_FORGE/Effects/_EffectBase/Src/MultiModeEffect.cpp:44:10:void DadEffect::cMultiModeEffectBase::Desactivate()	0	static
../DAD_FORGE/Effects/_EffectBase/Src/MultiModeEffect.cpp:57:10:void DadEffect::cMainMultiModeEffect::Initialize()	80	static
../DAD_FORGE/Effects/_EffectBase/Src/MultiModeEffect.cpp:114:10:void DadEffect::cMainMultiModeEffect::Process(AudioBuffer*, AudioBuffer*, eOnOff, bool)	40	static
../DAD_FORGE/Effects/_EffectBase/Src/MultiModeEffect.cpp:213:10:void DadEffect::cMainMultiModeEffect::setEffect(uint8_t)	16	static
../DAD_FORGE/Effects/_EffectBase/Src/MultiModeEffect.cpp:195:10:virtual void DadEffect::cMainMultiModeEffect::on_GUI_FastUpdate()	16	static
../DAD_FORGE/Effects/_EffectBase/Src/MultiModeEffect.cpp:224:27:DadEffect::cMultiModeEffectBase* DadEffect::cMainMultiModeEffect::getEffect(uint8_t) const	0	static
