../DAD_FORGE/DSP/Src/cParameter.cpp:126:6:static void DadDSP::cParameter::MIDIControlChangeCallBack(uint8_t, uint8_t, uint32_t)	0	static
../DAD_FORGE/DSP/Src/cParameter.cpp:23:6:void DadDSP::cParameter::Init(float, float, float, float, float, DadDSP::CallbackType, uint32_t, float, uint8_t)	16	static
../DAD_FORGE/DSP/Src/cParameter.cpp:54:6:void DadDSP::cParameter::setValue(float)	0	static
../DAD_FORGE/DSP/Src/cParameter.cpp:78:6:bool DadDSP::cParameter::Process()	8	static
../DAD_FORGE/DSP/Src/cParameter.cpp:108:6:void DadDSP::cParameter::Increment(int32_t, bool)	0	static
