D:/Dev/Cube/OSCAR_P01_FlasherClient/DAD_FORGE/GUI/Core/Inc/GUI_Event.h:35:18:virtual void DadGUI::iGUI_EventListener::on_GUI_RT_ProcessIn(AudioBuffer*)	0	static
D:/Dev/Cube/OSCAR_P01_FlasherClient/DAD_FORGE/GUI/Core/Inc/GUI_Event.h:38:18:virtual void DadGUI::iGUI_EventListener::on_GUI_RT_ProcessOut(AudioBuffer*)	0	static
D:/Dev/Cube/OSCAR_P01_FlasherClient/DAD_FORGE/GUI/Core/Inc/GUI_Event.h:41:18:virtual void DadGUI::iGUI_EventListener::on_GUI_Update()	0	static
../DAD_FORGE/Drivers/Src/cDryWet.cpp:82:6:virtual void DadDrivers::cDryWet::on_GUI_FastUpdate()	0	static
D:/Dev/Cube/OSCAR_P01_FlasherClient/DAD_FORGE/Drivers/Inc/cDryWet.h:42:5:DadDrivers::cDryWet::~cDryWet()	0	static
../DAD_FORGE/Drivers/Src/cDryWet.cpp:105:6:virtual void DadDrivers::cDryWet::on_GUI_RT_Process()	16	static
D:/Dev/Cube/OSCAR_P01_FlasherClient/DAD_FORGE/Drivers/Inc/cDryWet.h:42:5:virtual DadDrivers::cDryWet::~cDryWet()	8	static
../DAD_FORGE/Drivers/Src/cDryWet.cpp:41:6:void DadDrivers::cDryWet::Init(float, float, float)	16	static
../DAD_FORGE/Drivers/Src/cDryWet.cpp:156:6:void DadDrivers::cDryWet::setNormalizedMix(float)	0	static
