../DAD_FORGE/Drivers/Src/W25Q128.cpp:537:10:virtual uint32_t DadDrivers::cW25Q128::getSize() const	0	static
D:/Dev/Cube/OSCAR_P01_FlasherClient/DAD_FORGE/Drivers/Inc/W25Q128.h:219:13:DadDrivers::cW25Q128::~cW25Q128()	0	static
../DAD_FORGE/Drivers/Src/W25Q128.cpp:280:19:virtual HAL_StatusTypeDef DadDrivers::cW25Q128::ModeIndirect()	64	static
D:/Dev/Cube/OSCAR_P01_FlasherClient/DAD_FORGE/Drivers/Inc/W25Q128.h:219:13:virtual DadDrivers::cW25Q128::~cW25Q128()	8	static
../DAD_FORGE/Drivers/Src/W25Q128.cpp:235:19:virtual HAL_StatusTypeDef DadDrivers::cW25Q128::ModeMemoryMap()	80	static,ignoring_inline_asm
../DAD_FORGE/Drivers/Src/W25Q128.cpp:494:19:virtual HAL_StatusTypeDef DadDrivers::cW25Q128::getFlashID(FlashID*)	88	static
../DAD_FORGE/Drivers/Src/W25Q128.cpp:302:19:virtual HAL_StatusTypeDef DadDrivers::cW25Q128::Read(uint8_t*, uint32_t, uint32_t)	88	static
../DAD_FORGE/Drivers/Src/W25Q128.cpp:52:1:DadDrivers::cW25Q128::cW25Q128()	0	static
../DAD_FORGE/Drivers/Src/W25Q128.cpp:556:19:HAL_StatusTypeDef DadDrivers::cW25Q128::WriteEnable()	72	static
../DAD_FORGE/Drivers/Src/W25Q128.cpp:572:19:HAL_StatusTypeDef DadDrivers::cW25Q128::WaitWhileBusy(uint32_t)	88	static
../DAD_FORGE/Drivers/Src/W25Q128.cpp:69:19:virtual HAL_StatusTypeDef DadDrivers::cW25Q128::Init(QSPI_HandleTypeDef*, bool, uint32_t)	104	static
../DAD_FORGE/Drivers/Src/W25Q128.cpp:339:19:virtual HAL_StatusTypeDef DadDrivers::cW25Q128::Write(uint8_t*, uint32_t, uint32_t)	152	static
../DAD_FORGE/Drivers/Src/W25Q128.cpp:388:19:virtual HAL_StatusTypeDef DadDrivers::cW25Q128::EraseBlock4K(uint32_t)	80	static
../DAD_FORGE/Drivers/Src/W25Q128.cpp:416:19:virtual HAL_StatusTypeDef DadDrivers::cW25Q128::EraseBlock32K(uint32_t)	80	static
../DAD_FORGE/Drivers/Src/W25Q128.cpp:445:19:virtual HAL_StatusTypeDef DadDrivers::cW25Q128::EraseBlock64K(uint32_t)	80	static
../DAD_FORGE/Drivers/Src/W25Q128.cpp:472:19:virtual HAL_StatusTypeDef DadDrivers::cW25Q128::EraseChip()	80	static
