Archive member included to satisfy reference by file (symbol)

C:/ST/STM32CubeIDE_2.0.0/STM32CubeIDE/plugins/com.st.stm32cube.ide.mcu.externaltools.gnu-tools-for-stm32.14.3.rel1.win32_1.0.100.202602081740/tools/bin/../lib/gcc/arm-none-eabi/14.3.1/../../../../arm-none-eabi/lib/thumb/v7e-m+dp/hard\libstdc++_nano.a(del_ops.o)
                              ./DAD_FORGE/Drivers/Src/W25Q128.o (operator delete(void*, unsigned int))
C:/ST/STM32CubeIDE_2.0.0/STM32CubeIDE/plugins/com.st.stm32cube.ide.mcu.externaltools.gnu-tools-for-stm32.14.3.rel1.win32_1.0.100.202602081740/tools/bin/../lib/gcc/arm-none-eabi/14.3.1/../../../../arm-none-eabi/lib/thumb/v7e-m+dp/hard\libstdc++_nano.a(del_opv.o)
                              ./DAD_FORGE/GUI/Components/Src/cMemoryManager.o (operator delete[](void*))
C:/ST/STM32CubeIDE_2.0.0/STM32CubeIDE/plugins/com.st.stm32cube.ide.mcu.externaltools.gnu-tools-for-stm32.14.3.rel1.win32_1.0.100.202602081740/tools/bin/../lib/gcc/arm-none-eabi/14.3.1/../../../../arm-none-eabi/lib/thumb/v7e-m+dp/hard\libstdc++_nano.a(new_op.o)
                              ./DAD_FORGE/Drivers/Src/cDryWet.o (operator new(unsigned int))
C:/ST/STM32CubeIDE_2.0.0/STM32CubeIDE/plugins/com.st.stm32cube.ide.mcu.externaltools.gnu-tools-for-stm32.14.3.rel1.win32_1.0.100.202602081740/tools/bin/../lib/gcc/arm-none-eabi/14.3.1/../../../../arm-none-eabi/lib/thumb/v7e-m+dp/hard\libstdc++_nano.a(new_opnt.o)
                              ./DAD_FORGE/STM_GFX2/Src/cDisplay.o (operator new(unsigned int, std::nothrow_t const&))
C:/ST/STM32CubeIDE_2.0.0/STM32CubeIDE/plugins/com.st.stm32cube.ide.mcu.externaltools.gnu-tools-for-stm32.14.3.rel1.win32_1.0.100.202602081740/tools/bin/../lib/gcc/arm-none-eabi/14.3.1/../../../../arm-none-eabi/lib/thumb/v7e-m+dp/hard\libstdc++_nano.a(new_opv.o)
                              ./DAD_FORGE/GUI/Components/Src/cMemoryManager.o (operator new[](unsigned int))
C:/ST/STM32CubeIDE_2.0.0/STM32CubeIDE/plugins/com.st.stm32cube.ide.mcu.externaltools.gnu-tools-for-stm32.14.3.rel1.win32_1.0.100.202602081740/tools/bin/../lib/gcc/arm-none-eabi/14.3.1/../../../../arm-none-eabi/lib/thumb/v7e-m+dp/hard\libstdc++_nano.a(functexcept.o)
                              ./DAD_FORGE/GUI/Components/Src/cPanelOfEffectChoice.o (std::__throw_logic_error(char const*))
C:/ST/STM32CubeIDE_2.0.0/STM32CubeIDE/plugins/com.st.stm32cube.ide.mcu.externaltools.gnu-tools-for-stm32.14.3.rel1.win32_1.0.100.202602081740/tools/bin/../lib/gcc/arm-none-eabi/14.3.1/../../../../arm-none-eabi/lib/thumb/v7e-m+dp/hard\libstdc++_nano.a(string-inst.o)
                              ./DAD_FORGE/GUI/Components/Src/ParameterViews.o (std::__cxx11::basic_string<char, std::char_traits<char>, std::allocator<char> >::_M_create(unsigned int&, unsigned int))
C:/ST/STM32CubeIDE_2.0.0/STM32CubeIDE/plugins/com.st.stm32cube.ide.mcu.externaltools.gnu-tools-for-stm32.14.3.rel1.win32_1.0.100.202602081740/tools/bin/../lib/gcc/arm-none-eabi/14.3.1/../../../../arm-none-eabi/lib/thumb/v7e-m+dp/hard\libstdc++_nano.a(del_op.o)
                              C:/ST/STM32CubeIDE_2.0.0/STM32CubeIDE/plugins/com.st.stm32cube.ide.mcu.externaltools.gnu-tools-for-stm32.14.3.rel1.win32_1.0.100.202602081740/tools/bin/../lib/gcc/arm-none-eabi/14.3.1/../../../../arm-none-eabi/lib/thumb/v7e-m+dp/hard\libstdc++_nano.a(del_ops.o) (operator delete(void*))
C:/ST/STM32CubeIDE_2.0.0/STM32CubeIDE/plugins/com.st.stm32cube.ide.mcu.externaltools.gnu-tools-for-stm32.14.3.rel1.win32_1.0.100.202602081740/tools/bin/../lib/gcc/arm-none-eabi/14.3.1/../../../../arm-none-eabi/lib/thumb/v7e-m+dp/hard\libstdc++_nano.a(new_handler.o)
                              C:/ST/STM32CubeIDE_2.0.0/STM32CubeIDE/plugins/com.st.stm32cube.ide.mcu.externaltools.gnu-tools-for-stm32.14.3.rel1.win32_1.0.100.202602081740/tools/bin/../lib/gcc/arm-none-eabi/14.3.1/../../../../arm-none-eabi/lib/thumb/v7e-m+dp/hard\libstdc++_nano.a(new_op.o) (std::get_new_handler())
C:/ST/STM32CubeIDE_2.0.0/STM32CubeIDE/plugins/com.st.stm32cube.ide.mcu.externaltools.gnu-tools-for-stm32.14.3.rel1.win32_1.0.100.202602081740/tools/bin/../lib/gcc/arm-none-eabi/14.3.1/../../../../arm-none-eabi/lib/thumb/v7e-m+dp/hard\libm.a(libm_a-wf_atan2.o)
                              ./DAD_FORGE/STM_GFX2/Src/GFX.o (atan2f)
C:/ST/STM32CubeIDE_2.0.0/STM32CubeIDE/plugins/com.st.stm32cube.ide.mcu.externaltools.gnu-tools-for-stm32.14.3.rel1.win32_1.0.100.202602081740/tools/bin/../lib/gcc/arm-none-eabi/14.3.1/../../../../arm-none-eabi/lib/thumb/v7e-m+dp/hard\libm.a(libm_a-wf_log10.o)
                              ./DAD_FORGE/DSP/Src/cVuMeter.o (log10f)
C:/ST/STM32CubeIDE_2.0.0/STM32CubeIDE/plugins/com.st.stm32cube.ide.mcu.externaltools.gnu-tools-for-stm32.14.3.rel1.win32_1.0.100.202602081740/tools/bin/../lib/gcc/arm-none-eabi/14.3.1/../../../../arm-none-eabi/lib/thumb/v7e-m+dp/hard\libm.a(libm_a-wf_sinh.o)
                              ./DAD_FORGE/DSP/Src/BiquadFilter.o (sinhf)
[...]
Memory Configuration

Name             Origin             Length             Attributes
FLASH            0x08000000         0x00200000         xr
DTCMRAM          0x20000000         0x00020000         xrw
RAM_D1           0x24000000         0x00070000         xrw
RAM_NO_CACHE     0x24070000         0x00010000         xrw
RAM_D2           0x30000000         0x00048000         xrw
RAM_D3           0x38000000         0x00010000         xrw
ITCMRAM          0x00000000         0x00010000         xrw
QFLASH           0x90000000         0x02000000         xr
SDRAM            0xc0000000         0x04000000         rw
*default*        0x00000000         0xffffffff

Linker script and memory map

LOAD C:/ST/STM32CubeIDE_2.0.0/STM32CubeIDE/plugins/com.st.stm32cube.ide.mcu.externaltools.gnu-tools-for-stm32.14.3.rel1.win32_1.0.100.202602081740/tools/bin/../lib/gcc/arm-none-eabi/14.3.1/thumb/v7e-m+dp/hard/crti.o
LOAD C:/ST/STM32CubeIDE_2.0.0/STM32CubeIDE/plugins/com.st.stm32cube.ide.mcu.externaltools.gnu-tools-for-stm32.14.3.rel1.win32_1.0.100.202602081740/tools/bin/../lib/gcc/arm-none-eabi/14.3.1/thumb/v7e-m+dp/hard/crtbegin.o
LOAD C:/ST/STM32CubeIDE_2.0.0/STM32CubeIDE/plugins/com.st.stm32cube.ide.mcu.externaltools.gnu-tools-for-stm32.14.3.rel1.win32_1.0.100.202602081740/tools/bin/../lib/gcc/arm-none-eabi/14.3.1/../../../../arm-none-eabi/lib/thumb/v7e-m+dp/hard/crt0.o
LOAD ./Core/Src/main.o
LOAD ./Core/Src/stm32h7xx_hal_msp.o
LOAD ./Core/Src/stm32h7xx_it.o
LOAD ./Core/Src/syscalls.o
LOAD ./Core/Src/sysmem.o
LOAD ./Core/Src/system_stm32h7xx.o
LOAD ./Core/Startup/startup_stm32h743iitx.o
LOAD ./DAD_FORGE/DSP/Src/BiquadFilter.o
LOAD ./DAD_FORGE/DSP/Src/cAudioFader.o
LOAD ./DAD_FORGE/DSP/Src/cDelayLine.o
LOAD ./DAD_FORGE/DSP/Src/cModulator.o
LOAD ./DAD_FORGE/DSP/Src/cParameter.o
LOAD ./DAD_FORGE/DSP/Src/cVuMeter.o
LOAD ./DAD_FORGE/Drivers/Src/AudioManager.o
LOAD ./DAD_FORGE/Drivers/Src/IS42S16320.o
LOAD ./DAD_FORGE/Drivers/Src/W25Q128.o
LOAD ./DAD_FORGE/Drivers/Src/cDryWet.o
LOAD ./DAD_FORGE/Drivers/Src/cEncoder.o
LOAD ./DAD_FORGE/Drivers/Src/cSoftSPI.o
LOAD ./DAD_FORGE/Drivers/Src/cSwitch.o
LOAD ./DAD_FORGE/Drivers/_MIDI/Src/cMidi.o
LOAD ./DAD_FORGE/Drivers/_MIDI/Src/usb_midi_device.o
LOAD ./DAD_FORGE/Drivers/_MIDI/Src/usbd_midi.o
LOAD ./DAD_FORGE/Drivers/_MIDI/Src/usbd_midi_desc.o
LOAD ./DAD_FORGE/Drivers/_MIDI/Src/usbd_midi_if.o
LOAD ./DAD_FORGE/Effects/Delay/Src/Delay.o
LOAD ./DAD_FORGE/Effects/Modulations/Src/cChorus.o
LOAD ./DAD_FORGE/Effects/Modulations/Src/cFlanger.o
LOAD ./DAD_FORGE/Effects/Modulations/Src/cModulations.o
LOAD ./DAD_FORGE/Effects/Modulations/Src/cPhaser.o
LOAD ./DAD_FORGE/Effects/Modulations/Src/cTremoloVibrato.o
LOAD ./DAD_FORGE/Effects/Modulations/Src/cUniVibe.o
LOAD ./DAD_FORGE/Effects/Reverb/Src/Reverb.o
LOAD ./DAD_FORGE/Effects/Template/Src/cTemplateEffect.o
LOAD ./DAD_FORGE/Effects/TemplateMultiModeEffect/Src/TemplateMultiModeEffect.o
LOAD ./DAD_FORGE/Effects/_EffectBase/Src/MultiModeEffect.o
LOAD ./DAD_FORGE/Effects/_EffectBase/Src/cEffectBase.o
LOAD ./DAD_FORGE/GUI/Components/Src/ParameterViews.o
LOAD ./DAD_FORGE/GUI/Components/Src/SwitchManager.o
LOAD ./DAD_FORGE/GUI/Components/Src/cBypassOnOffManager.o
LOAD ./DAD_FORGE/GUI/Components/Src/cInfoView.o
LOAD ./DAD_FORGE/GUI/Components/Src/cMemoryManager.o
LOAD ./DAD_FORGE/GUI/Components/Src/cPaletteBuilder.o
LOAD ./DAD_FORGE/GUI/Components/Src/cPanelOfEffectChoice.o
LOAD ./DAD_FORGE/GUI/Components/Src/cPanelOfParameters.o
LOAD ./DAD_FORGE/GUI/Components/Src/cPanelOfSystemView.o
LOAD ./DAD_FORGE/GUI/Components/Src/cPanelOfTone.o
LOAD ./DAD_FORGE/GUI/Components/Src/cParameterInfoView.o
LOAD ./DAD_FORGE/GUI/Components/Src/cUIMemory.o
LOAD ./DAD_FORGE/GUI/Components/Src/cUIMenu.o
LOAD ./DAD_FORGE/GUI/Components/Src/cUIParameter.o
LOAD ./DAD_FORGE/GUI/Components/Src/cUIVuMeter.o
LOAD ./DAD_FORGE/GUI/Core/Src/MainGUI.o
LOAD ./DAD_FORGE/PersistentStorage/Src/Serialize.o
LOAD ./DAD_FORGE/PersistentStorage/Src/cBlockStorageManager.o
LOAD ./DAD_FORGE/PersistentStorage/Src/cFlasherStorage.o
LOAD ./DAD_FORGE/STM_GFX2/Src/GFX.o
LOAD ./DAD_FORGE/STM_GFX2/Src/TFT_SPI.o
LOAD ./DAD_FORGE/STM_GFX2/Src/cDisplay.o
LOAD ./DAD_FORGE/Utilities/Src/cCallBackIterator.o
LOAD ./DAD_FORGE/Utilities/Src/cMonitor.o
LOAD ./Drivers/STM32H7xx_HAL_Driver/Src/stm32h7xx_hal.o
LOAD ./Drivers/STM32H7xx_HAL_Driver/Src/stm32h7xx_hal_cortex.o
LOAD ./Drivers/STM32H7xx_HAL_Driver/Src/stm32h7xx_hal_dma.o
LOAD ./Drivers/STM32H7xx_HAL_Driver/Src/stm32h7xx_hal_dma2d.o
LOAD ./Drivers/STM32H7xx_HAL_Driver/Src/stm32h7xx_hal_dma_ex.o
LOAD ./Drivers/STM32H7xx_HAL_Driver/Src/stm32h7xx_hal_exti.o
LOAD ./Drivers/STM32H7xx_HAL_Driver/Src/stm32h7xx_hal_flash.o
LOAD ./Drivers/STM32H7xx_HAL_Driver/Src/stm32h7xx_hal_flash_ex.o
LOAD ./Drivers/STM32H7xx_HAL_Driver/Src/stm32h7xx_hal_gpio.o
LOAD ./Drivers/STM32H7xx_HAL_Driver/Src/stm32h7xx_hal_hsem.o
LOAD ./Drivers/STM32H7xx_HAL_Driver/Src/stm32h7xx_hal_i2c.o
LOAD ./Drivers/STM32H7xx_HAL_Driver/Src/stm32h7xx_hal_i2c_ex.o
LOAD ./Drivers/STM32H7xx_HAL_Driver/Src/stm32h7xx_hal_mdma.o
LOAD ./Drivers/STM32H7xx_HAL_Driver/Src/stm32h7xx_hal_nand.o
LOAD ./Drivers/STM32H7xx_HAL_Driver/Src/stm32h7xx_hal_nor.o
LOAD ./Drivers/STM32H7xx_HAL_Driver/Src/stm32h7xx_hal_pcd.o
LOAD ./Drivers/STM32H7xx_HAL_Driver/Src/stm32h7xx_hal_pcd_ex.o
LOAD ./Drivers/STM32H7xx_HAL_Driver/Src/stm32h7xx_hal_pwr.o
LOAD ./Drivers/STM32H7xx_HAL_Driver/Src/stm32h7xx_hal_pwr_ex.o
LOAD ./Drivers/STM32H7xx_HAL_Driver/Src/stm32h7xx_hal_qspi.o
LOAD ./Drivers/STM32H7xx_HAL_Driver/Src/stm32h7xx_hal_rcc.o
LOAD ./Drivers/STM32H7xx_HAL_Driver/Src/stm32h7xx_hal_rcc_ex.o
LOAD ./Drivers/STM32H7xx_HAL_Driver/Src/stm32h7xx_hal_rng.o
LOAD ./Drivers/STM32H7xx_HAL_Driver/Src/stm32h7xx_hal_rng_ex.o
LOAD ./Drivers/STM32H7xx_HAL_Driver/Src/stm32h7xx_hal_sai.o
LOAD ./Drivers/STM32H7xx_HAL_Driver/Src/stm32h7xx_hal_sai_ex.o
LOAD ./Drivers/STM32H7xx_HAL_Driver/Src/stm32h7xx_hal_sdram.o
LOAD ./Drivers/STM32H7xx_HAL_Driver/Src/stm32h7xx_hal_spi.o
LOAD ./Drivers/STM32H7xx_HAL_Driver/Src/stm32h7xx_hal_spi_ex.o
LOAD ./Drivers/STM32H7xx_HAL_Driver/Src/stm32h7xx_hal_sram.o
LOAD ./Drivers/STM32H7xx_HAL_Driver/Src/stm32h7xx_hal_tim.o
LOAD ./Drivers/STM32H7xx_HAL_Driver/Src/stm32h7xx_hal_tim_ex.o
LOAD ./Drivers/STM32H7xx_HAL_Driver/Src/stm32h7xx_hal_uart.o
LOAD ./Drivers/STM32H7xx_HAL_Driver/Src/stm32h7xx_hal_uart_ex.o
LOAD ./Drivers/STM32H7xx_HAL_Driver/Src/stm32h7xx_ll_delayblock.o
LOAD ./Drivers/STM32H7xx_HAL_Driver/Src/stm32h7xx_ll_fmc.o
LOAD ./Drivers/STM32H7xx_HAL_Driver/Src/stm32h7xx_ll_usb.o
LOAD ./FlasherClient/Src/FlasherClient.o
LOAD ./HardwareAndCo/Src/HardwareAndCoFlasher.o
LOAD ./HardwareAndCo/Src/MPU.o
LOAD ./Middlewares/ST/STM32_USB_Device_Library/Class/CDC/Src/usbd_cdc.o
LOAD ./Middlewares/ST/STM32_USB_Device_Library/Core/Src/usbd_core.o
LOAD ./Middlewares/ST/STM32_USB_Device_Library/Core/Src/usbd_ctlreq.o
LOAD ./Middlewares/ST/STM32_USB_Device_Library/Core/Src/usbd_ioreq.o
LOAD ./USB_DEVICE/App/usb_device.o
LOAD ./USB_DEVICE/App/usbd_cdc_if.o
LOAD ./USB_DEVICE/App/usbd_desc.o
LOAD ./USB_DEVICE/Target/usbd_conf.o
START GROUP
LOAD C:/ST/STM32CubeIDE_2.0.0/STM32CubeIDE/plugins/com.st.stm32cube.ide.mcu.externaltools.gnu-tools-for-stm32.14.3.rel1.win32_1.0.100.202602081740/tools/bin/../lib/gcc/arm-none-eabi/14.3.1/../../../../arm-none-eabi/lib/thumb/v7e-m+dp/hard\libstdc++_nano.a
LOAD C:/ST/STM32CubeIDE_2.0.0/STM32CubeIDE/plugins/com.st.stm32cube.ide.mcu.externaltools.gnu-tools-for-stm32.14.3.rel1.win32_1.0.100.202602081740/tools/bin/../lib/gcc/arm-none-eabi/14.3.1/../../../../arm-none-eabi/lib/thumb/v7e-m+dp/hard\libsupc++_nano.a
END GROUP
LOAD C:/ST/STM32CubeIDE_2.0.0/STM32CubeIDE/plugins/com.st.stm32cube.ide.mcu.externaltools.gnu-tools-for-stm32.14.3.rel1.win32_1.0.100.202602081740/tools/bin/../lib/gcc/arm-none-eabi/14.3.1/../../../../arm-none-eabi/lib/thumb/v7e-m+dp/hard\libstdc++_nano.a
LOAD C:/ST/STM32CubeIDE_2.0.0/STM32CubeIDE/plugins/com.st.stm32cube.ide.mcu.externaltools.gnu-tools-for-stm32.14.3.rel1.win32_1.0.100.202602081740/tools/bin/../lib/gcc/arm-none-eabi/14.3.1/../../../../arm-none-eabi/lib/thumb/v7e-m+dp/hard\libm.a
LOAD C:/ST/STM32CubeIDE_2.0.0/STM32CubeIDE/plugins/com.st.stm32cube.ide.mcu.externaltools.gnu-tools-for-stm32.14.3.rel1.win32_1.0.100.202602081740/tools/bin/../lib/gcc/arm-none-eabi/14.3.1/../../../../arm-none-eabi/lib/thumb/v7e-m+dp/hard\libc_nano.a
START GROUP
LOAD C:/ST/STM32CubeIDE_2.0.0/STM32CubeIDE/plugins/com.st.stm32cube.ide.mcu.externaltools.gnu-tools-for-stm32.14.3.rel1.win32_1.0.100.202602081740/tools/bin/../lib/gcc/arm-none-eabi/14.3.1/thumb/v7e-m+dp/hard\libgcc.a
LOAD C:/ST/STM32CubeIDE_2.0.0/STM32CubeIDE/plugins/com.st.stm32cube.ide.mcu.externaltools.gnu-tools-for-stm32.14.3.rel1.win32_1.0.100.202602081740/tools/bin/../lib/gcc/arm-none-eabi/14.3.1/../../../../arm-none-eabi/lib/thumb/v7e-m+dp/hard\libc_nano.a
END GROUP
START GROUP
LOAD C:/ST/STM32CubeIDE_2.0.0/STM32CubeIDE/plugins/com.st.stm32cube.ide.mcu.externaltools.gnu-tools-for-stm32.14.3.rel1.win32_1.0.100.202602081740/tools/bin/../lib/gcc/arm-none-eabi/14.3.1/thumb/v7e-m+dp/hard\libgcc.a
LOAD C:/ST/STM32CubeIDE_2.0.0/STM32CubeIDE/plugins/com.st.stm32cube.ide.mcu.externaltools.gnu-tools-for-stm32.14.3.rel1.win32_1.0.100.202602081740/tools/bin/../lib/gcc/arm-none-eabi/14.3.1/../../../../arm-none-eabi/lib/thumb/v7e-m+dp/hard\libc_nano.a
LOAD C:/ST/STM32CubeIDE_2.0.0/STM32CubeIDE/plugins/com.st.stm32cube.ide.mcu.externaltools.gnu-tools-for-stm32.14.3.rel1.win32_1.0.100.202602081740/tools/bin/../lib/gcc/arm-none-eabi/14.3.1/../../../../arm-none-eabi/lib/thumb/v7e-m+dp/hard\libnosys.a
END GROUP
START GROUP
LOAD C:/ST/STM32CubeIDE_2.0.0/STM32CubeIDE/plugins/com.st.stm32cube.ide.mcu.externaltools.gnu-tools-for-stm32.14.3.rel1.win32_1.0.100.202602081740/tools/bin/../lib/gcc/arm-none-eabi/14.3.1/thumb/v7e-m+dp/hard\libgcc.a
LOAD C:/ST/STM32CubeIDE_2.0.0/STM32CubeIDE/plugins/com.st.stm32cube.ide.mcu.externaltools.gnu-tools-for-stm32.14.3.rel1.win32_1.0.100.202602081740/tools/bin/../lib/gcc/arm-none-eabi/14.3.1/../../../../arm-none-eabi/lib/thumb/v7e-m+dp/hard\libc_nano.a
LOAD C:/ST/STM32CubeIDE_2.0.0/STM32CubeIDE/plugins/com.st.stm32cube.ide.mcu.externaltools.gnu-tools-for-stm32.14.3.rel1.win32_1.0.100.202602081740/tools/bin/../lib/gcc/arm-none-eabi/14.3.1/../../../../arm-none-eabi/lib/thumb/v7e-m+dp/hard\libnosys.a
END GROUP
LOAD C:/ST/STM32CubeIDE_2.0.0/STM32CubeIDE/plugins/com.st.stm32cube.ide.mcu.externaltools.gnu-tools-for-stm32.14.3.rel1.win32_1.0.100.202602081740/tools/bin/../lib/gcc/arm-none-eabi/14.3.1/thumb/v7e-m+dp/hard/crtend.o
LOAD C:/ST/STM32CubeIDE_2.0.0/STM32CubeIDE/plugins/com.st.stm32cube.ide.mcu.externaltools.gnu-tools-for-stm32.14.3.rel1.win32_1.0.100.202602081740/tools/bin/../lib/gcc/arm-none-eabi/14.3.1/thumb/v7e-m+dp/hard/crtn.o
                0x24070000                        _estack = (ORIGIN (RAM_D1) + LENGTH (RAM_D1))
                0x00008000                        _Min_Heap_Size = 0x8000
                0x00002000                        _Min_Stack_Size = 0x2000

.isr_vector     0x08000000      0x448
                0x08000000                        . = ALIGN (0x4)
 *(.isr_vector)
 .isr_vector    0x08000000      0x298 ./Core/Startup/startup_stm32h743iitx.o
                0x08000000                g_pfnVectors
 *(.text.Reset_Handler)
 .text.Reset_Handler
                0x08000298       0x98 ./Core/Startup/startup_stm32h743iitx.o
                0x08000298                Reset_Handler
 *(.text.SystemInit)
 .text.SystemInit
                0x08000330       0xec ./Core/Src/system_stm32h7xx.o
                0x08000330                SystemInit
 *(.text.ExitRun0Mode)
 .text.ExitRun0Mode
                0x0800041c       0x18 ./Core/Src/system_stm32h7xx.o
                0x0800041c                ExitRun0Mode
 *fill*         0x08000434        0x4 
 .text.ExitRun0Mode.__stub
                0x08000438       0x10 linker stubs
                0x08000448                        . = ALIGN (0x4)
                0x08000448                        __lTEXT = LOADADDR (.text)

.text           0x24000000     0xb608 load address 0x08000448
                0x24000000                        . = ALIGN (0x4)
                0x24000000                        __sTEXT = .
 *(EXCLUDE_FILE(*DAD_STM_GFX2/Src/*.o) .text)
 .text          0x24000000       0x40 C:/ST/STM32CubeIDE_2.0.0/STM32CubeIDE/plugins/com.st.stm32cube.ide.mcu.externaltools.gnu-tools-for-stm32.14.3.rel1.win32_1.0.100.202602081740/tools/bin/../lib/gcc/arm-none-eabi/14.3.1/thumb/v7e-m+dp/hard/crtbegin.o
 .text          0x24000040       0x10 C:/ST/STM32CubeIDE_2.0.0/STM32CubeIDE/plugins/com.st.stm32cube.ide.mcu.externaltools.gnu-tools-for-stm32.14.3.rel1.win32_1.0.100.202602081740/tools/bin/../lib/gcc/arm-none-eabi/14.3.1/../../../../arm-none-eabi/lib/thumb/v7e-m+dp/hard\libc_nano.a(libc_a-strlen.o)
                0x24000040                strlen
 .text          0x24000050       0x30 C:/ST/STM32CubeIDE_2.0.0/STM32CubeIDE/plugins/com.st.stm32cube.ide.mcu.externaltools.gnu-tools-for-stm32.14.3.rel1.win32_1.0.100.202602081740/tools/bin/../lib/gcc/arm-none-eabi/14.3.1/thumb/v7e-m+dp/hard\libgcc.a(_aeabi_uldivmod.o)
                0x24000050                __aeabi_uldivmod
 .text          0x24000080      0x2f8 C:/ST/STM32CubeIDE_2.0.0/STM32CubeIDE/plugins/com.st.stm32cube.ide.mcu.externaltools.gnu-tools-for-stm32.14.3.rel1.win32_1.0.100.202602081740/tools/bin/../lib/gcc/arm-none-eabi/14.3.1/thumb/v7e-m+dp/hard\libgcc.a(_udivmoddi4.o)
                0x24000080                __udivmoddi4
 .text          0x24000378        0x4 C:/ST/STM32CubeIDE_2.0.0/STM32CubeIDE/plugins/com.st.stm32cube.ide.mcu.externaltools.gnu-tools-for-stm32.14.3.rel1.win32_1.0.100.202602081740/tools/bin/../lib/gcc/arm-none-eabi/14.3.1/thumb/v7e-m+dp/hard\libgcc.a(_dvmd_tls.o)
                0x24000378                __aeabi_idiv0
                0x24000378                __aeabi_ldiv0
 *(EXCLUDE_FILE(*DAD_STM_GFX2/Src/*.o) .text*)
 .text._Z18SystemClock_Configv
                0x2400037c       0xc0 ./Core/Src/main.o
                0x2400037c                SystemClock_Config()
 *fill*         0x2400043c        0x4 
 .text._Z24PeriphCommonClock_Configv
                0x24000440       0x58 ./Core/Src/main.o
                0x24000440                PeriphCommonClock_Config()
 .text.MX_DMA2D_Init
                0x24000498       0x40 ./Core/Src/main.o
                0x24000498                MX_DMA2D_Init
 .text.MX_QUADSPI_Init
                0x240004d8       0x38 ./Core/Src/main.o
                0x240004d8                MX_QUADSPI_Init
 .text.MX_SAI1_Init
                0x24000510       0x7c ./Core/Src/main.o
                0x24000510                MX_SAI1_Init
 .text.MX_SPI1_Init
                0x2400058c       0x6c ./Core/Src/main.o
                0x2400058c                MX_SPI1_Init
 .text.MX_TIM6_Init
                0x240005f8       0x4c ./Core/Src/main.o
                0x240005f8                MX_TIM6_Init
 .text.MX_USART1_UART_Init
                0x24000644       0x60 ./Core/Src/main.o
                0x24000644                MX_USART1_UART_Init
 .text.MX_DMA_Init
                0x240006a4       0x68 ./Core/Src/main.o
                0x240006a4                MX_DMA_Init
 *fill*         0x2400070c        0x4 
 .text.MX_FMC_Init
                0x24000710       0x70 ./Core/Src/main.o
                0x24000710                MX_FMC_Init
 .text.MX_GPIO_Init
                0x24000780      0x200 ./Core/Src/main.o
                0x24000780                MX_GPIO_Init
 .text.startup.main
                0x24000980       0x5c ./Core/Src/main.o
                0x24000980                main
 .text.Error_Handler
                0x240009dc        0x4 ./Core/Src/main.o
                0x240009dc                Error_Handler
 .text.HAL_MspInit
                0x240009e0       0x24 ./Core/Src/stm32h7xx_hal_msp.o
                0x240009e0                HAL_MspInit
 .text.HAL_DMA2D_MspInit
                0x24000a04       0x34 ./Core/Src/stm32h7xx_hal_msp.o
                0x24000a04                HAL_DMA2D_MspInit
 .text.HAL_QSPI_MspInit
                0x24000a38      0x154 ./Core/Src/stm32h7xx_hal_msp.o
                0x24000a38                HAL_QSPI_MspInit
 .text.HAL_RNG_MspInit
                0x24000b8c       0x5c ./Core/Src/stm32h7xx_hal_msp.o
                0x24000b8c                HAL_RNG_MspInit
 .text.HAL_SPI_MspInit
                0x24000be8       0xf0 ./Core/Src/stm32h7xx_hal_msp.o
                0x24000be8                HAL_SPI_MspInit
 .text.HAL_TIM_Base_MspInit
                0x24000cd8       0x48 ./Core/Src/stm32h7xx_hal_msp.o
                0x24000cd8                HAL_TIM_Base_MspInit
 .text.HAL_UART_MspInit
                0x24000d20       0xe0 ./Core/Src/stm32h7xx_hal_msp.o
                0x24000d20                HAL_UART_MspInit
 .text.HAL_SDRAM_MspInit
                0x24000e00      0x108 ./Core/Src/stm32h7xx_hal_msp.o
                0x24000e00                HAL_SDRAM_MspInit
 .text.HAL_SAI_MspInit
                0x24000f08      0x154 ./Core/Src/stm32h7xx_hal_msp.o
                0x24000f08                HAL_SAI_MspInit
 .text.NMI_Handler
                0x2400105c        0x4 ./Core/Src/stm32h7xx_it.o
                0x2400105c                NMI_Handler
 .text.HardFault_Handler
                0x24001060        0x4 ./Core/Src/stm32h7xx_it.o
                0x24001060                HardFault_Handler
 .text.MemManage_Handler
                0x24001064        0x4 ./Core/Src/stm32h7xx_it.o
                0x24001064                MemManage_Handler
 .text.BusFault_Handler
                0x24001068        0x4 ./Core/Src/stm32h7xx_it.o
                0x24001068                BusFault_Handler
 .text.UsageFault_Handler
                0x2400106c        0x4 ./Core/Src/stm32h7xx_it.o
                0x2400106c                UsageFault_Handler
 .text.SVC_Handler
                0x24001070        0x4 ./Core/Src/stm32h7xx_it.o
                0x24001070                SVC_Handler
 .text.DebugMon_Handler
                0x24001074        0x4 ./Core/Src/stm32h7xx_it.o
                0x24001074                DebugMon_Handler
 .text.PendSV_Handler
                0x24001078        0x4 ./Core/Src/stm32h7xx_it.o
                0x24001078                PendSV_Handler
 .text.SysTick_Handler
                0x2400107c        0x4 ./Core/Src/stm32h7xx_it.o
                0x2400107c                SysTick_Handler
 .text.DMA1_Stream0_IRQHandler
                0x24001080        0xc ./Core/Src/stm32h7xx_it.o
                0x24001080                DMA1_Stream0_IRQHandler
 .text.DMA1_Stream1_IRQHandler
                0x2400108c        0xc ./Core/Src/stm32h7xx_it.o
                0x2400108c                DMA1_Stream1_IRQHandler
 .text.DMA1_Stream2_IRQHandler
                0x24001098        0xc ./Core/Src/stm32h7xx_it.o
                0x24001098                DMA1_Stream2_IRQHandler
 .text.DMA1_Stream3_IRQHandler
                0x240010a4        0xc ./Core/Src/stm32h7xx_it.o
                0x240010a4                DMA1_Stream3_IRQHandler
 .text.SPI1_IRQHandler
                0x240010b0        0xc ./Core/Src/stm32h7xx_it.o
                0x240010b0                SPI1_IRQHandler
 .text.TIM6_DAC_IRQHandler
                0x240010bc        0xc ./Core/Src/stm32h7xx_it.o
                0x240010bc                TIM6_DAC_IRQHandler
 .text.OTG_FS_IRQHandler
                0x240010c8        0xc ./Core/Src/stm32h7xx_it.o
                0x240010c8                OTG_FS_IRQHandler
 .text._getpid  0x240010d4        0x4 ./Core/Src/syscalls.o
                0x240010d4                _getpid
 .text._kill    0x240010d8       0x14 ./Core/Src/syscalls.o
                0x240010d8                _kill
 .text._exit    0x240010ec        0xc ./Core/Src/syscalls.o
                0x240010ec                _exit
 .text._sbrk    0x240010f8       0x48 ./Core/Src/sysmem.o
                0x240010f8                _sbrk
 .text.Default_Handler
                0x24001140        0x2 ./Core/Startup/startup_stm32h743iitx.o
                0x24001140                RTC_Alarm_IRQHandler
                0x24001140                EXTI2_IRQHandler
                0x24001140                TIM8_CC_IRQHandler
                0x24001140                HRTIM1_Master_IRQHandler
                0x24001140                UART8_IRQHandler
                0x24001140                SPI4_IRQHandler
                0x24001140                TIM1_CC_IRQHandler
                0x24001140                BDMA_Channel6_IRQHandler
                0x24001140                DMA2_Stream5_IRQHandler
                0x24001140                HRTIM1_FLT_IRQHandler
                0x24001140                JPEG_IRQHandler
                0x24001140                DMA1_Stream5_IRQHandler
                0x24001140                BDMA_Channel1_IRQHandler
                0x24001140                HRTIM1_TIMD_IRQHandler
                0x24001140                TAMP_STAMP_IRQHandler
                0x24001140                EXTI3_IRQHandler
                0x24001140                LPTIM4_IRQHandler
                0x24001140                TIM8_TRG_COM_TIM14_IRQHandler
                0x24001140                LPTIM2_IRQHandler
                0x24001140                DFSDM1_FLT1_IRQHandler
                0x24001140                DMAMUX2_OVR_IRQHandler
                0x24001140                TIM8_UP_TIM13_IRQHandler
                0x24001140                I2C3_ER_IRQHandler
                0x24001140                DFSDM1_FLT2_IRQHandler
                0x24001140                MDMA_IRQHandler
                0x24001140                LPTIM3_IRQHandler
                0x24001140                HSEM1_IRQHandler
                0x24001140                EXTI0_IRQHandler
                0x24001140                I2C2_EV_IRQHandler
                0x24001140                FPU_IRQHandler
                0x24001140                OTG_HS_WKUP_IRQHandler
                0x24001140                FDCAN1_IT1_IRQHandler
                0x24001140                LTDC_ER_IRQHandler
                0x24001140                DMA2_Stream2_IRQHandler
                0x24001140                HRTIM1_TIME_IRQHandler
                0x24001140                DCMI_IRQHandler
                0x24001140                HRTIM1_TIMC_IRQHandler
                0x24001140                DMA2_Stream3_IRQHandler
                0x24001140                SAI2_IRQHandler
                0x24001140                DFSDM1_FLT3_IRQHandler
                0x24001140                USART6_IRQHandler
                0x24001140                TIM17_IRQHandler
                0x24001140                USART3_IRQHandler
                0x24001140                BDMA_Channel7_IRQHandler
                0x24001140                LPTIM5_IRQHandler
                0x24001140                UART5_IRQHandler
                0x24001140                ADC3_IRQHandler
                0x24001140                DMA2_Stream0_IRQHandler
                0x24001140                TIM4_IRQHandler
                0x24001140                BDMA_Channel2_IRQHandler
                0x24001140                QUADSPI_IRQHandler
                0x24001140                I2C1_EV_IRQHandler
                0x24001140                DMA1_Stream6_IRQHandler
                0x24001140                DMAMUX1_OVR_IRQHandler
                0x24001140                TIM16_IRQHandler
                0x24001140                UART4_IRQHandler
                0x24001140                BDMA_Channel5_IRQHandler
                0x24001140                TIM3_IRQHandler
                0x24001140                RCC_IRQHandler
                0x24001140                TIM8_BRK_TIM12_IRQHandler
                0x24001140                TIM1_TRG_COM_IRQHandler
                0x24001140                Default_Handler
                0x24001140                ECC_IRQHandler
                0x24001140                CEC_IRQHandler
                0x24001140                EXTI15_10_IRQHandler
                0x24001140                BDMA_Channel0_IRQHandler
                0x24001140                ADC_IRQHandler
                0x24001140                DMA1_Stream7_IRQHandler
                0x24001140                HRTIM1_TIMA_IRQHandler
                0x24001140                SPI5_IRQHandler
                0x24001140                TIM7_IRQHandler
                0x24001140                SDMMC1_IRQHandler
                0x24001140                TIM5_IRQHandler
                0x24001140                DMA2_Stream7_IRQHandler
                0x24001140                TIM15_IRQHandler
                0x24001140                PVD_AVD_IRQHandler
                0x24001140                I2C3_EV_IRQHandler
                0x24001140                EXTI9_5_IRQHandler
                0x24001140                RTC_WKUP_IRQHandler
                0x24001140                LTDC_IRQHandler
                0x24001140                SAI3_IRQHandler
                0x24001140                ETH_WKUP_IRQHandler
                0x24001140                SPDIF_RX_IRQHandler
                0x24001140                SPI2_IRQHandler
                0x24001140                OTG_HS_EP1_IN_IRQHandler
                0x24001140                CRS_IRQHandler
                0x24001140                EXTI4_IRQHandler
                0x24001140                RNG_IRQHandler
                0x24001140                HRTIM1_TIMB_IRQHandler
                0x24001140                FDCAN2_IT1_IRQHandler
                0x24001140                ETH_IRQHandler
                0x24001140                TIM1_UP_IRQHandler
                0x24001140                BDMA_Channel4_IRQHandler
                0x24001140                OTG_HS_EP1_OUT_IRQHandler
                0x24001140                WWDG_IRQHandler
                0x24001140                SPI6_IRQHandler
                0x24001140                MDIOS_IRQHandler
                0x24001140                I2C4_EV_IRQHandler
                0x24001140                FDCAN2_IT0_IRQHandler
                0x24001140                LPUART1_IRQHandler
                0x24001140                FDCAN1_IT0_IRQHandler
                0x24001140                TIM2_IRQHandler
                0x24001140                OTG_FS_WKUP_IRQHandler
                0x24001140                OTG_HS_IRQHandler
                0x24001140                DMA2D_IRQHandler
                0x24001140                TIM1_BRK_IRQHandler
                0x24001140                EXTI1_IRQHandler
                0x24001140                SDMMC2_IRQHandler
                0x24001140                OTG_FS_EP1_OUT_IRQHandler
                0x24001140                BDMA_Channel3_IRQHandler
                0x24001140                UART7_IRQHandler
                0x24001140                MDIOS_WKUP_IRQHandler
                0x24001140                USART2_IRQHandler
                0x24001140                DFSDM1_FLT0_IRQHandler
                0x24001140                SAI4_IRQHandler
                0x24001140                I2C2_ER_IRQHandler
                0x24001140                DMA2_Stream1_IRQHandler
                0x24001140                FLASH_IRQHandler
                0x24001140                DMA2_Stream4_IRQHandler
                0x24001140                USART1_IRQHandler
                0x24001140                SPI3_IRQHandler
                0x24001140                WAKEUP_PIN_IRQHandler
                0x24001140                DMA1_Stream4_IRQHandler
                0x24001140                OTG_FS_EP1_IN_IRQHandler
                0x24001140                I2C1_ER_IRQHandler
                0x24001140                FMC_IRQHandler
                0x24001140                FDCAN_CAL_IRQHandler
                0x24001140                SWPMI1_IRQHandler
                0x24001140                COMP1_IRQHandler
                0x24001140                LPTIM1_IRQHandler
                0x24001140                I2C4_ER_IRQHandler
                0x24001140                DMA2_Stream6_IRQHandler
                0x24001140                SAI1_IRQHandler
 *fill*         0x24001142        0x2 
 .text._Z16SDRAM_Initializev
                0x24001144       0xa4 ./DAD_FORGE/Drivers/Src/IS42S16320.o
                0x24001144                SDRAM_Initialize()
 .text._ZNK10DadDrivers8cW25Q1287getSizeEv
                0x240011e8       0x10 ./DAD_FORGE/Drivers/Src/W25Q128.o
                0x240011e8                DadDrivers::cW25Q128::getSize() const
 .text._ZN10DadDrivers8cW25Q128D2Ev
                0x240011f8        0x4 ./DAD_FORGE/Drivers/Src/W25Q128.o
                0x240011f8                DadDrivers::cW25Q128::~cW25Q128()
                0x240011f8                DadDrivers::cW25Q128::~cW25Q128()
 .text._ZN10DadDrivers8cW25Q12812ModeIndirectEv
                0x240011fc       0x3c ./DAD_FORGE/Drivers/Src/W25Q128.o
                0x240011fc                DadDrivers::cW25Q128::ModeIndirect()
 .text._ZN10DadDrivers8cW25Q128D0Ev
                0x24001238       0x10 ./DAD_FORGE/Drivers/Src/W25Q128.o
                0x24001238                DadDrivers::cW25Q128::~cW25Q128()
 .text._ZN10DadDrivers8cW25Q12813ModeMemoryMapEv
                0x24001248      0x128 ./DAD_FORGE/Drivers/Src/W25Q128.o
                0x24001248                DadDrivers::cW25Q128::ModeMemoryMap()
 .text._ZN10DadDrivers8cW25Q12810getFlashIDEP7FlashID
                0x24001370       0xe4 ./DAD_FORGE/Drivers/Src/W25Q128.o
                0x24001370                DadDrivers::cW25Q128::getFlashID(FlashID*)
 .text._ZN10DadDrivers8cW25Q1284ReadEPhmm
                0x24001454       0xf4 ./DAD_FORGE/Drivers/Src/W25Q128.o
                0x24001454                DadDrivers::cW25Q128::Read(unsigned char*, unsigned long, unsigned long)
 .text._ZN10DadDrivers8cW25Q128C2Ev
                0x24001548       0x14 ./DAD_FORGE/Drivers/Src/W25Q128.o
                0x24001548                DadDrivers::cW25Q128::cW25Q128()
                0x24001548                DadDrivers::cW25Q128::cW25Q128()
 .text._ZN10DadDrivers8cW25Q12813WaitWhileBusyEm
                0x2400155c       0x8c ./DAD_FORGE/Drivers/Src/W25Q128.o
                0x2400155c                DadDrivers::cW25Q128::WaitWhileBusy(unsigned long)
 .text._ZN10DadDrivers8cW25Q1284InitEP18QSPI_HandleTypeDefbm
                0x240015e8      0x1b0 ./DAD_FORGE/Drivers/Src/W25Q128.o
                0x240015e8                DadDrivers::cW25Q128::Init(QSPI_HandleTypeDef*, bool, unsigned long)
 .text._ZN10DadDrivers8cW25Q1285WriteEPhmm
                0x24001798      0x17c ./DAD_FORGE/Drivers/Src/W25Q128.o
                0x24001798                DadDrivers::cW25Q128::Write(unsigned char*, unsigned long, unsigned long)
 .text._ZN10DadDrivers8cW25Q12812EraseBlock4KEm
                0x24001914       0xf0 ./DAD_FORGE/Drivers/Src/W25Q128.o
                0x24001914                DadDrivers::cW25Q128::EraseBlock4K(unsigned long)
 .text._ZN10DadDrivers8cW25Q12813EraseBlock32KEm
                0x24001a04       0xf0 ./DAD_FORGE/Drivers/Src/W25Q128.o
                0x24001a04                DadDrivers::cW25Q128::EraseBlock32K(unsigned long)
 .text._ZN10DadDrivers8cW25Q12813EraseBlock64KEm
                0x24001af4       0xf0 ./DAD_FORGE/Drivers/Src/W25Q128.o
                0x24001af4                DadDrivers::cW25Q128::EraseBlock64K(unsigned long)
 .text._ZN10DadDrivers8cW25Q1289EraseChipEv
                0x24001be4       0xb8 ./DAD_FORGE/Drivers/Src/W25Q128.o
                0x24001be4                DadDrivers::cW25Q128::EraseChip()
 .text.startup._GLOBAL__sub_I__ZN6DadGUI14__ColorPaletteE
                0x24001c9c       0x20 ./DAD_FORGE/GUI/Core/Src/MainGUI.o
 .text.HAL_InitTick
                0x24001cbc       0x4c ./Drivers/STM32H7xx_HAL_Driver/Src/stm32h7xx_hal.o
                0x24001cbc                HAL_InitTick
 .text.HAL_Init
                0x24001d08       0x60 ./Drivers/STM32H7xx_HAL_Driver/Src/stm32h7xx_hal.o
                0x24001d08                HAL_Init
 .text.HAL_IncTick
                0x24001d68       0x18 ./Drivers/STM32H7xx_HAL_Driver/Src/stm32h7xx_hal.o
                0x24001d68                HAL_IncTick
 .text.HAL_GetTick
                0x24001d80        0xc ./Drivers/STM32H7xx_HAL_Driver/Src/stm32h7xx_hal.o
                0x24001d80                HAL_GetTick
 .text.HAL_Delay
                0x24001d8c       0x24 ./Drivers/STM32H7xx_HAL_Driver/Src/stm32h7xx_hal.o
                0x24001d8c                HAL_Delay
 .text.HAL_GetREVID
                0x24001db0        0xc ./Drivers/STM32H7xx_HAL_Driver/Src/stm32h7xx_hal.o
                0x24001db0                HAL_GetREVID
 .text.HAL_SYSCFG_AnalogSwitchConfig
                0x24001dbc       0x14 ./Drivers/STM32H7xx_HAL_Driver/Src/stm32h7xx_hal.o
                0x24001dbc                HAL_SYSCFG_AnalogSwitchConfig
 .text.HAL_NVIC_SetPriorityGrouping
                0x24001dd0       0x24 ./Drivers/STM32H7xx_HAL_Driver/Src/stm32h7xx_hal_cortex.o
                0x24001dd0                HAL_NVIC_SetPriorityGrouping
 .text.HAL_NVIC_SetPriority
                0x24001df4       0x74 ./Drivers/STM32H7xx_HAL_Driver/Src/stm32h7xx_hal_cortex.o
                0x24001df4                HAL_NVIC_SetPriority
 .text.HAL_NVIC_EnableIRQ
                0x24001e68       0x1c ./Drivers/STM32H7xx_HAL_Driver/Src/stm32h7xx_hal_cortex.o
                0x24001e68                HAL_NVIC_EnableIRQ
 .text.HAL_SYSTICK_Config
                0x24001e84       0x2c ./Drivers/STM32H7xx_HAL_Driver/Src/stm32h7xx_hal_cortex.o
                0x24001e84                HAL_SYSTICK_Config
 .text.HAL_MPU_Disable
                0x24001eb0       0x1c ./Drivers/STM32H7xx_HAL_Driver/Src/stm32h7xx_hal_cortex.o
                0x24001eb0                HAL_MPU_Disable
 .text.HAL_MPU_Enable
                0x24001ecc       0x20 ./Drivers/STM32H7xx_HAL_Driver/Src/stm32h7xx_hal_cortex.o
                0x24001ecc                HAL_MPU_Enable
 .text.HAL_MPU_ConfigRegion
                0x24001eec       0x60 ./Drivers/STM32H7xx_HAL_Driver/Src/stm32h7xx_hal_cortex.o
                0x24001eec                HAL_MPU_ConfigRegion
 .text.DMA_CalcBaseAndBitshift
                0x24001f4c      0x100 ./Drivers/STM32H7xx_HAL_Driver/Src/stm32h7xx_hal_dma.o
 .text.DMA_CalcDMAMUXChannelBaseAndMask
                0x2400204c       0xd4 ./Drivers/STM32H7xx_HAL_Driver/Src/stm32h7xx_hal_dma.o
 .text.HAL_DMA_Init
                0x24002120      0x520 ./Drivers/STM32H7xx_HAL_Driver/Src/stm32h7xx_hal_dma.o
                0x24002120                HAL_DMA_Init
 .text.HAL_DMA_Abort_IT
                0x24002640      0x198 ./Drivers/STM32H7xx_HAL_Driver/Src/stm32h7xx_hal_dma.o
                0x24002640                HAL_DMA_Abort_IT
 .text.HAL_DMA_IRQHandler
                0x240027d8      0x424 ./Drivers/STM32H7xx_HAL_Driver/Src/stm32h7xx_hal_dma.o
                0x240027d8                HAL_DMA_IRQHandler
 .text.HAL_DMA2D_Init
                0x24002bfc       0x7c ./Drivers/STM32H7xx_HAL_Driver/Src/stm32h7xx_hal_dma2d.o
                0x24002bfc                HAL_DMA2D_Init
 .text.HAL_DMA2D_ConfigLayer
                0x24002c78       0xd4 ./Drivers/STM32H7xx_HAL_Driver/Src/stm32h7xx_hal_dma2d.o
                0x24002c78                HAL_DMA2D_ConfigLayer
 .text.HAL_GPIO_Init
                0x24002d4c      0x420 ./Drivers/STM32H7xx_HAL_Driver/Src/stm32h7xx_hal_gpio.o
                0x24002d4c                HAL_GPIO_Init
 .text.HAL_GPIO_WritePin
                0x2400316c        0x8 ./Drivers/STM32H7xx_HAL_Driver/Src/stm32h7xx_hal_gpio.o
                0x2400316c                HAL_GPIO_WritePin
 .text.HAL_GPIO_TogglePin
                0x24003174       0x14 ./Drivers/STM32H7xx_HAL_Driver/Src/stm32h7xx_hal_gpio.o
                0x24003174                HAL_GPIO_TogglePin
 .text.HAL_MDMA_Abort
                0x24003188       0x74 ./Drivers/STM32H7xx_HAL_Driver/Src/stm32h7xx_hal_mdma.o
                0x24003188                HAL_MDMA_Abort
 .text.HAL_PCD_Init
                0x240031fc      0x410 ./Drivers/STM32H7xx_HAL_Driver/Src/stm32h7xx_hal_pcd.o
                0x240031fc                HAL_PCD_Init
 .text.HAL_PCD_Start
                0x2400360c       0x44 ./Drivers/STM32H7xx_HAL_Driver/Src/stm32h7xx_hal_pcd.o
                0x2400360c                HAL_PCD_Start
 .text.HAL_PCD_IRQHandler
                0x24003650      0xbf0 ./Drivers/STM32H7xx_HAL_Driver/Src/stm32h7xx_hal_pcd.o
                0x24003650                HAL_PCD_IRQHandler
 .text.HAL_PCD_SetAddress
                0x24004240       0x28 ./Drivers/STM32H7xx_HAL_Driver/Src/stm32h7xx_hal_pcd.o
                0x24004240                HAL_PCD_SetAddress
 .text.HAL_PCD_EP_Open
                0x24004268       0x74 ./Drivers/STM32H7xx_HAL_Driver/Src/stm32h7xx_hal_pcd.o
                0x24004268                HAL_PCD_EP_Open
 .text.HAL_PCD_EP_Close
                0x240042dc       0x5c ./Drivers/STM32H7xx_HAL_Driver/Src/stm32h7xx_hal_pcd.o
                0x240042dc                HAL_PCD_EP_Close
 .text.HAL_PCD_EP_Receive
                0x24004338       0x44 ./Drivers/STM32H7xx_HAL_Driver/Src/stm32h7xx_hal_pcd.o
                0x24004338                HAL_PCD_EP_Receive
 .text.HAL_PCD_EP_GetRxCount
                0x2400437c       0x14 ./Drivers/STM32H7xx_HAL_Driver/Src/stm32h7xx_hal_pcd.o
                0x2400437c                HAL_PCD_EP_GetRxCount
 .text.HAL_PCD_EP_Transmit
                0x24004390       0x44 ./Drivers/STM32H7xx_HAL_Driver/Src/stm32h7xx_hal_pcd.o
                0x24004390                HAL_PCD_EP_Transmit
 .text.HAL_PCD_EP_SetStall
                0x240043d4       0x80 ./Drivers/STM32H7xx_HAL_Driver/Src/stm32h7xx_hal_pcd.o
                0x240043d4                HAL_PCD_EP_SetStall
 .text.HAL_PCD_EP_ClrStall
                0x24004454       0x6c ./Drivers/STM32H7xx_HAL_Driver/Src/stm32h7xx_hal_pcd.o
                0x24004454                HAL_PCD_EP_ClrStall
 .text.HAL_PCDEx_SetTxFiFo
                0x240044c0       0xfc ./Drivers/STM32H7xx_HAL_Driver/Src/stm32h7xx_hal_pcd_ex.o
                0x240044c0                HAL_PCDEx_SetTxFiFo
 .text.HAL_PCDEx_SetRxFiFo
                0x240045bc        0xc ./Drivers/STM32H7xx_HAL_Driver/Src/stm32h7xx_hal_pcd_ex.o
                0x240045bc                HAL_PCDEx_SetRxFiFo
 .text.HAL_PCDEx_ActivateLPM
                0x240045c8       0x30 ./Drivers/STM32H7xx_HAL_Driver/Src/stm32h7xx_hal_pcd_ex.o
                0x240045c8                HAL_PCDEx_ActivateLPM
 .text.HAL_PCDEx_LPM_Callback
                0x240045f8        0x4 ./Drivers/STM32H7xx_HAL_Driver/Src/stm32h7xx_hal_pcd_ex.o
                0x240045f8                HAL_PCDEx_LPM_Callback
 .text.HAL_PWREx_ConfigSupply
                0x240045fc       0x48 ./Drivers/STM32H7xx_HAL_Driver/Src/stm32h7xx_hal_pwr_ex.o
                0x240045fc                HAL_PWREx_ConfigSupply
 .text.HAL_PWREx_EnableUSBVoltageDetector
                0x24004644       0x10 ./Drivers/STM32H7xx_HAL_Driver/Src/stm32h7xx_hal_pwr_ex.o
                0x24004644                HAL_PWREx_EnableUSBVoltageDetector
 .text.QSPI_Config
                0x24004654      0x190 ./Drivers/STM32H7xx_HAL_Driver/Src/stm32h7xx_hal_qspi.o
 .text.HAL_QSPI_Init
                0x240047e4       0xc8 ./Drivers/STM32H7xx_HAL_Driver/Src/stm32h7xx_hal_qspi.o
                0x240047e4                HAL_QSPI_Init
 .text.HAL_QSPI_Command
                0x240048ac       0xf8 ./Drivers/STM32H7xx_HAL_Driver/Src/stm32h7xx_hal_qspi.o
                0x240048ac                HAL_QSPI_Command
 .text.HAL_QSPI_Transmit
                0x240049a4      0x11c ./Drivers/STM32H7xx_HAL_Driver/Src/stm32h7xx_hal_qspi.o
                0x240049a4                HAL_QSPI_Transmit
 .text.HAL_QSPI_Receive
                0x24004ac0      0x124 ./Drivers/STM32H7xx_HAL_Driver/Src/stm32h7xx_hal_qspi.o
                0x24004ac0                HAL_QSPI_Receive
 .text.HAL_QSPI_MemoryMapped
                0x24004be4       0xc4 ./Drivers/STM32H7xx_HAL_Driver/Src/stm32h7xx_hal_qspi.o
                0x24004be4                HAL_QSPI_MemoryMapped
 .text.HAL_QSPI_Abort
                0x24004ca8       0xd0 ./Drivers/STM32H7xx_HAL_Driver/Src/stm32h7xx_hal_qspi.o
                0x24004ca8                HAL_QSPI_Abort
 .text.HAL_RCC_GetSysClockFreq.part.0
                0x24004d78       0xe4 ./Drivers/STM32H7xx_HAL_Driver/Src/stm32h7xx_hal_rcc.o
 .text.HAL_RCC_OscConfig
                0x24004e5c      0x5d8 ./Drivers/STM32H7xx_HAL_Driver/Src/stm32h7xx_hal_rcc.o
                0x24004e5c                HAL_RCC_OscConfig
 .text.HAL_RCC_GetSysClockFreq
                0x24005434      0x11c ./Drivers/STM32H7xx_HAL_Driver/Src/stm32h7xx_hal_rcc.o
                0x24005434                HAL_RCC_GetSysClockFreq
 .text.HAL_RCC_ClockConfig
                0x24005550      0x254 ./Drivers/STM32H7xx_HAL_Driver/Src/stm32h7xx_hal_rcc.o
                0x24005550                HAL_RCC_ClockConfig
 .text.HAL_RCC_GetHCLKFreq
                0x240057a4       0x80 ./Drivers/STM32H7xx_HAL_Driver/Src/stm32h7xx_hal_rcc.o
                0x240057a4                HAL_RCC_GetHCLKFreq
 .text.HAL_RCC_GetPCLK1Freq
                0x24005824       0x90 ./Drivers/STM32H7xx_HAL_Driver/Src/stm32h7xx_hal_rcc.o
                0x24005824                HAL_RCC_GetPCLK1Freq
 .text.HAL_RCC_GetPCLK2Freq
                0x240058b4       0x90 ./Drivers/STM32H7xx_HAL_Driver/Src/stm32h7xx_hal_rcc.o
                0x240058b4                HAL_RCC_GetPCLK2Freq
 .text.RCCEx_PLL2_Config.part.0
                0x24005944       0xe0 ./Drivers/STM32H7xx_HAL_Driver/Src/stm32h7xx_hal_rcc_ex.o
 .text.RCCEx_PLL3_Config.part.0
                0x24005a24       0xe0 ./Drivers/STM32H7xx_HAL_Driver/Src/stm32h7xx_hal_rcc_ex.o
 .text.HAL_RCCEx_PeriphCLKConfig
                0x24005b04      0xe6c ./Drivers/STM32H7xx_HAL_Driver/Src/stm32h7xx_hal_rcc_ex.o
                0x24005b04                HAL_RCCEx_PeriphCLKConfig
 .text.HAL_RCCEx_GetD3PCLK1Freq
                0x24006970       0x24 ./Drivers/STM32H7xx_HAL_Driver/Src/stm32h7xx_hal_rcc_ex.o
                0x24006970                HAL_RCCEx_GetD3PCLK1Freq
 .text.HAL_RCCEx_GetPLL2ClockFreq
                0x24006994      0x134 ./Drivers/STM32H7xx_HAL_Driver/Src/stm32h7xx_hal_rcc_ex.o
                0x24006994                HAL_RCCEx_GetPLL2ClockFreq
 .text.HAL_RCCEx_GetPLL3ClockFreq
                0x24006ac8      0x134 ./Drivers/STM32H7xx_HAL_Driver/Src/stm32h7xx_hal_rcc_ex.o
                0x24006ac8                HAL_RCCEx_GetPLL3ClockFreq
 .text.HAL_RCCEx_GetPLL1ClockFreq
                0x24006bfc      0x134 ./Drivers/STM32H7xx_HAL_Driver/Src/stm32h7xx_hal_rcc_ex.o
                0x24006bfc                HAL_RCCEx_GetPLL1ClockFreq
 .text.HAL_RCCEx_GetPeriphCLKFreq
                0x24006d30      0x6f4 ./Drivers/STM32H7xx_HAL_Driver/Src/stm32h7xx_hal_rcc_ex.o
                0x24006d30                HAL_RCCEx_GetPeriphCLKFreq
 .text.HAL_RNG_Init
                0x24007424       0x7c ./Drivers/STM32H7xx_HAL_Driver/Src/stm32h7xx_hal_rng.o
                0x24007424                HAL_RNG_Init
 .text.HAL_SAI_Init
                0x240074a0      0x3c8 ./Drivers/STM32H7xx_HAL_Driver/Src/stm32h7xx_hal_sai.o
                0x240074a0                HAL_SAI_Init
 .text.HAL_SAI_InitProtocol
                0x24007868      0x138 ./Drivers/STM32H7xx_HAL_Driver/Src/stm32h7xx_hal_sai.o
                0x24007868                HAL_SAI_InitProtocol
 .text.HAL_SDRAM_Init
                0x240079a0       0x54 ./Drivers/STM32H7xx_HAL_Driver/Src/stm32h7xx_hal_sdram.o
                0x240079a0                HAL_SDRAM_Init
 .text.HAL_SDRAM_SendCommand
                0x240079f4       0x40 ./Drivers/STM32H7xx_HAL_Driver/Src/stm32h7xx_hal_sdram.o
                0x240079f4                HAL_SDRAM_SendCommand
 .text.HAL_SDRAM_ProgramRefreshRate
                0x24007a34       0x30 ./Drivers/STM32H7xx_HAL_Driver/Src/stm32h7xx_hal_sdram.o
                0x24007a34                HAL_SDRAM_ProgramRefreshRate
 .text.SPI_DMAAbortOnError
                0x24007a64       0x18 ./Drivers/STM32H7xx_HAL_Driver/Src/stm32h7xx_hal_spi.o
 .text.SPI_CloseTransfer
                0x24007a7c       0xb8 ./Drivers/STM32H7xx_HAL_Driver/Src/stm32h7xx_hal_spi.o
 .text.HAL_SPI_TxCpltCallback
                0x24007b34        0x4 ./Drivers/STM32H7xx_HAL_Driver/Src/stm32h7xx_hal_spi.o
                0x24007b34                HAL_SPI_TxCpltCallback
 .text.HAL_SPI_RxCpltCallback
                0x24007b38        0x4 ./Drivers/STM32H7xx_HAL_Driver/Src/stm32h7xx_hal_spi.o
                0x24007b38                HAL_SPI_RxCpltCallback
 .text.HAL_SPI_TxRxCpltCallback
                0x24007b3c        0x4 ./Drivers/STM32H7xx_HAL_Driver/Src/stm32h7xx_hal_spi.o
                0x24007b3c                HAL_SPI_TxRxCpltCallback
 .text.HAL_SPI_TxHalfCpltCallback
                0x24007b40        0x4 ./Drivers/STM32H7xx_HAL_Driver/Src/stm32h7xx_hal_spi.o
                0x24007b40                HAL_SPI_TxHalfCpltCallback
 .text.HAL_SPI_RxHalfCpltCallback
                0x24007b44        0x4 ./Drivers/STM32H7xx_HAL_Driver/Src/stm32h7xx_hal_spi.o
                0x24007b44                HAL_SPI_RxHalfCpltCallback
 .text.HAL_SPI_TxRxHalfCpltCallback
                0x24007b48        0x4 ./Drivers/STM32H7xx_HAL_Driver/Src/stm32h7xx_hal_spi.o
                0x24007b48                HAL_SPI_TxRxHalfCpltCallback
 .text.HAL_SPI_ErrorCallback
                0x24007b4c        0x4 ./Drivers/STM32H7xx_HAL_Driver/Src/stm32h7xx_hal_spi.o
                0x24007b4c                HAL_SPI_ErrorCallback
 .text.HAL_SPI_AbortCpltCallback
                0x24007b50        0x4 ./Drivers/STM32H7xx_HAL_Driver/Src/stm32h7xx_hal_spi.o
                0x24007b50                HAL_SPI_AbortCpltCallback
 .text.HAL_SPI_SuspendCallback
                0x24007b54        0x4 ./Drivers/STM32H7xx_HAL_Driver/Src/stm32h7xx_hal_spi.o
                0x24007b54                HAL_SPI_SuspendCallback
 .text.HAL_SPI_Init
                0x24007b58      0x210 ./Drivers/STM32H7xx_HAL_Driver/Src/stm32h7xx_hal_spi.o
                0x24007b58                HAL_SPI_Init
 .text.HAL_SPI_IRQHandler
                0x24007d68      0x224 ./Drivers/STM32H7xx_HAL_Driver/Src/stm32h7xx_hal_spi.o
                0x24007d68                HAL_SPI_IRQHandler
 .text.HAL_TIM_Base_Init
                0x24007f8c      0x14c ./Drivers/STM32H7xx_HAL_Driver/Src/stm32h7xx_hal_tim.o
                0x24007f8c                HAL_TIM_Base_Init
 .text.HAL_TIM_PeriodElapsedCallback
                0x240080d8        0x4 ./Drivers/STM32H7xx_HAL_Driver/Src/stm32h7xx_hal_tim.o
                0x240080d8                HAL_TIM_PeriodElapsedCallback
 .text.HAL_TIM_OC_DelayElapsedCallback
                0x240080dc        0x4 ./Drivers/STM32H7xx_HAL_Driver/Src/stm32h7xx_hal_tim.o
                0x240080dc                HAL_TIM_OC_DelayElapsedCallback
 .text.HAL_TIM_IC_CaptureCallback
                0x240080e0        0x4 ./Drivers/STM32H7xx_HAL_Driver/Src/stm32h7xx_hal_tim.o
                0x240080e0                HAL_TIM_IC_CaptureCallback
 .text.HAL_TIM_PWM_PulseFinishedCallback
                0x240080e4        0x4 ./Drivers/STM32H7xx_HAL_Driver/Src/stm32h7xx_hal_tim.o
                0x240080e4                HAL_TIM_PWM_PulseFinishedCallback
 .text.HAL_TIM_TriggerCallback
                0x240080e8        0x4 ./Drivers/STM32H7xx_HAL_Driver/Src/stm32h7xx_hal_tim.o
                0x240080e8                HAL_TIM_TriggerCallback
 .text.HAL_TIM_IRQHandler
                0x240080ec      0x154 ./Drivers/STM32H7xx_HAL_Driver/Src/stm32h7xx_hal_tim.o
                0x240080ec                HAL_TIM_IRQHandler
 .text.HAL_TIMEx_MasterConfigSynchronization
                0x24008240       0xb4 ./Drivers/STM32H7xx_HAL_Driver/Src/stm32h7xx_hal_tim_ex.o
                0x24008240                HAL_TIMEx_MasterConfigSynchronization
 .text.HAL_TIMEx_CommutCallback
                0x240082f4        0x4 ./Drivers/STM32H7xx_HAL_Driver/Src/stm32h7xx_hal_tim_ex.o
                0x240082f4                HAL_TIMEx_CommutCallback
 .text.HAL_TIMEx_BreakCallback
                0x240082f8        0x4 ./Drivers/STM32H7xx_HAL_Driver/Src/stm32h7xx_hal_tim_ex.o
                0x240082f8                HAL_TIMEx_BreakCallback
 .text.HAL_TIMEx_Break2Callback
                0x240082fc        0x4 ./Drivers/STM32H7xx_HAL_Driver/Src/stm32h7xx_hal_tim_ex.o
                0x240082fc                HAL_TIMEx_Break2Callback
 .text.UART_SetConfig
                0x24008300      0x374 ./Drivers/STM32H7xx_HAL_Driver/Src/stm32h7xx_hal_uart.o
                0x24008300                UART_SetConfig
 .text.UART_AdvFeatureConfig
                0x24008674       0xb0 ./Drivers/STM32H7xx_HAL_Driver/Src/stm32h7xx_hal_uart.o
                0x24008674                UART_AdvFeatureConfig
 .text.UART_CheckIdleState
                0x24008724      0x258 ./Drivers/STM32H7xx_HAL_Driver/Src/stm32h7xx_hal_uart.o
                0x24008724                UART_CheckIdleState
 .text.HAL_UART_Init
                0x2400897c       0x68 ./Drivers/STM32H7xx_HAL_Driver/Src/stm32h7xx_hal_uart.o
                0x2400897c                HAL_UART_Init
 .text.HAL_UARTEx_DisableFifoMode
                0x240089e4       0x3c ./Drivers/STM32H7xx_HAL_Driver/Src/stm32h7xx_hal_uart_ex.o
                0x240089e4                HAL_UARTEx_DisableFifoMode
 .text.HAL_UARTEx_SetTxFifoThreshold
                0x24008a20       0x84 ./Drivers/STM32H7xx_HAL_Driver/Src/stm32h7xx_hal_uart_ex.o
                0x24008a20                HAL_UARTEx_SetTxFifoThreshold
 .text.HAL_UARTEx_SetRxFifoThreshold
                0x24008aa4       0x84 ./Drivers/STM32H7xx_HAL_Driver/Src/stm32h7xx_hal_uart_ex.o
                0x24008aa4                HAL_UARTEx_SetRxFifoThreshold
 .text.FMC_SDRAM_Init
                0x24008b28       0x6c ./Drivers/STM32H7xx_HAL_Driver/Src/stm32h7xx_ll_fmc.o
                0x24008b28                FMC_SDRAM_Init
 .text.FMC_SDRAM_Timing_Init
                0x24008b94       0x7c ./Drivers/STM32H7xx_HAL_Driver/Src/stm32h7xx_ll_fmc.o
                0x24008b94                FMC_SDRAM_Timing_Init
 .text.FMC_SDRAM_SendCommand
                0x24008c10       0x34 ./Drivers/STM32H7xx_HAL_Driver/Src/stm32h7xx_ll_fmc.o
                0x24008c10                FMC_SDRAM_SendCommand
 .text.FMC_SDRAM_ProgramRefreshRate
                0x24008c44       0x14 ./Drivers/STM32H7xx_HAL_Driver/Src/stm32h7xx_ll_fmc.o
                0x24008c44                FMC_SDRAM_ProgramRefreshRate
 .text.USB_CoreInit
                0x24008c58      0x144 ./Drivers/STM32H7xx_HAL_Driver/Src/stm32h7xx_ll_usb.o
                0x24008c58                USB_CoreInit
 .text.USB_SetTurnaroundTime
                0x24008d9c       0xf4 ./Drivers/STM32H7xx_HAL_Driver/Src/stm32h7xx_ll_usb.o
                0x24008d9c                USB_SetTurnaroundTime
 .text.USB_EnableGlobalInt
                0x24008e90       0x10 ./Drivers/STM32H7xx_HAL_Driver/Src/stm32h7xx_ll_usb.o
                0x24008e90                USB_EnableGlobalInt
 .text.USB_DisableGlobalInt
                0x24008ea0       0x10 ./Drivers/STM32H7xx_HAL_Driver/Src/stm32h7xx_ll_usb.o
                0x24008ea0                USB_DisableGlobalInt
 .text.USB_SetCurrentMode
                0x24008eb0       0x6c ./Drivers/STM32H7xx_HAL_Driver/Src/stm32h7xx_ll_usb.o
                0x24008eb0                USB_SetCurrentMode
 .text.USB_DevInit
                0x24008f1c      0x2c0 ./Drivers/STM32H7xx_HAL_Driver/Src/stm32h7xx_ll_usb.o
                0x24008f1c                USB_DevInit
 .text.USB_FlushTxFifo
                0x240091dc       0x50 ./Drivers/STM32H7xx_HAL_Driver/Src/stm32h7xx_ll_usb.o
                0x240091dc                USB_FlushTxFifo
 .text.USB_GetDevSpeed
                0x2400922c       0x18 ./Drivers/STM32H7xx_HAL_Driver/Src/stm32h7xx_ll_usb.o
                0x2400922c                USB_GetDevSpeed
 .text.USB_ActivateEndpoint
                0x24009244       0x8c ./Drivers/STM32H7xx_HAL_Driver/Src/stm32h7xx_ll_usb.o
                0x24009244                USB_ActivateEndpoint
 .text.USB_DeactivateEndpoint
                0x240092d0       0xbc ./Drivers/STM32H7xx_HAL_Driver/Src/stm32h7xx_ll_usb.o
                0x240092d0                USB_DeactivateEndpoint
 .text.USB_EPStartXfer
                0x2400938c      0x234 ./Drivers/STM32H7xx_HAL_Driver/Src/stm32h7xx_ll_usb.o
                0x2400938c                USB_EPStartXfer
 .text.USB_EPStopXfer
                0x240095c0      0x108 ./Drivers/STM32H7xx_HAL_Driver/Src/stm32h7xx_ll_usb.o
                0x240095c0                USB_EPStopXfer
 .text.USB_EPSetStall
                0x240096c8       0x70 ./Drivers/STM32H7xx_HAL_Driver/Src/stm32h7xx_ll_usb.o
                0x240096c8                USB_EPSetStall
 .text.USB_EPClearStall
                0x24009738       0x58 ./Drivers/STM32H7xx_HAL_Driver/Src/stm32h7xx_ll_usb.o
                0x24009738                USB_EPClearStall
 .text.USB_WritePacket
                0x24009790       0x2c ./Drivers/STM32H7xx_HAL_Driver/Src/stm32h7xx_ll_usb.o
                0x24009790                USB_WritePacket
 .text.USB_ReadPacket
                0x240097bc       0x4c ./Drivers/STM32H7xx_HAL_Driver/Src/stm32h7xx_ll_usb.o
                0x240097bc                USB_ReadPacket
 .text.USB_SetDevAddress
                0x24009808       0x24 ./Drivers/STM32H7xx_HAL_Driver/Src/stm32h7xx_ll_usb.o
                0x24009808                USB_SetDevAddress
 .text.USB_DevConnect
                0x2400982c       0x20 ./Drivers/STM32H7xx_HAL_Driver/Src/stm32h7xx_ll_usb.o
                0x2400982c                USB_DevConnect
 .text.USB_DevDisconnect
                0x2400984c       0x20 ./Drivers/STM32H7xx_HAL_Driver/Src/stm32h7xx_ll_usb.o
                0x2400984c                USB_DevDisconnect
 .text.USB_ReadInterrupts
                0x2400986c        0x8 ./Drivers/STM32H7xx_HAL_Driver/Src/stm32h7xx_ll_usb.o
                0x2400986c                USB_ReadInterrupts
 .text.USB_ReadDevAllOutEpInterrupt
                0x24009874       0x10 ./Drivers/STM32H7xx_HAL_Driver/Src/stm32h7xx_ll_usb.o
                0x24009874                USB_ReadDevAllOutEpInterrupt
 .text.USB_ReadDevAllInEpInterrupt
                0x24009884       0x10 ./Drivers/STM32H7xx_HAL_Driver/Src/stm32h7xx_ll_usb.o
                0x24009884                USB_ReadDevAllInEpInterrupt
 .text.USB_ReadDevOutEPInterrupt
                0x24009894       0x10 ./Drivers/STM32H7xx_HAL_Driver/Src/stm32h7xx_ll_usb.o
                0x24009894                USB_ReadDevOutEPInterrupt
 .text.USB_ReadDevInEPInterrupt
                0x240098a4       0x20 ./Drivers/STM32H7xx_HAL_Driver/Src/stm32h7xx_ll_usb.o
                0x240098a4                USB_ReadDevInEPInterrupt
 .text.USB_GetMode
                0x240098c4        0x8 ./Drivers/STM32H7xx_HAL_Driver/Src/stm32h7xx_ll_usb.o
                0x240098c4                USB_GetMode
 .text.USB_ActivateSetup
                0x240098cc       0x20 ./Drivers/STM32H7xx_HAL_Driver/Src/stm32h7xx_ll_usb.o
                0x240098cc                USB_ActivateSetup
 .text.USB_EP0_OutStart
                0x240098ec       0x50 ./Drivers/STM32H7xx_HAL_Driver/Src/stm32h7xx_ll_usb.o
                0x240098ec                USB_EP0_OutStart
 .text.UsbCallbackFlasher
                0x2400993c       0x38 ./FlasherClient/Src/FlasherClient.o
                0x2400993c                UsbCallbackFlasher
 .text.startup._GLOBAL__sub_I___FlasherData
                0x24009974       0x2c ./FlasherClient/Src/FlasherClient.o
 .text.exit._GLOBAL__sub_D___FlasherData
                0x240099a0       0x10 ./FlasherClient/Src/FlasherClient.o
 .text._Z11BlocProcesst
                0x240099b0      0x10c ./FlasherClient/Src/FlasherClient.o
                0x240099b0                BlocProcess(unsigned short)
 .text._Z13FlasherClientv
                0x24009abc       0x90 ./FlasherClient/Src/FlasherClient.o
                0x24009abc                FlasherClient()
 .text._Z30HardwareAndCoFlasherInitializev
                0x24009b4c       0x90 ./HardwareAndCo/Src/HardwareAndCoFlasher.o
                0x24009b4c                HardwareAndCoFlasherInitialize()
 .text._Z15MainLoopFlasherv
                0x24009bdc        0x4 ./HardwareAndCo/Src/HardwareAndCoFlasher.o
                0x24009bdc                MainLoopFlasher()
 .text.startup._GLOBAL__sub_I___Flash
                0x24009be0        0xc ./HardwareAndCo/Src/HardwareAndCoFlasher.o
 .text._Z10MPU_Configv
                0x24009bec      0x21c ./HardwareAndCo/Src/MPU.o
                0x24009bec                MPU_Config()
 .text.USBD_CDC_EP0_RxReady
                0x24009e08       0x38 ./Middlewares/ST/STM32_USB_Device_Library/Class/CDC/Src/usbd_cdc.o
 .text.USBD_CDC_GetDeviceQualifierDescriptor
                0x24009e40       0x10 ./Middlewares/ST/STM32_USB_Device_Library/Class/CDC/Src/usbd_cdc.o
                0x24009e40                USBD_CDC_GetDeviceQualifierDescriptor
 .text.USBD_CDC_GetFSCfgDesc
                0x24009e50       0x48 ./Middlewares/ST/STM32_USB_Device_Library/Class/CDC/Src/usbd_cdc.o
 .text.USBD_CDC_GetHSCfgDesc
                0x24009e98       0x48 ./Middlewares/ST/STM32_USB_Device_Library/Class/CDC/Src/usbd_cdc.o
 .text.USBD_CDC_DataOut
                0x24009ee0       0x38 ./Middlewares/ST/STM32_USB_Device_Library/Class/CDC/Src/usbd_cdc.o
 .text.USBD_CDC_DataIn
                0x24009f18       0x68 ./Middlewares/ST/STM32_USB_Device_Library/Class/CDC/Src/usbd_cdc.o
 .text.USBD_CDC_Setup
                0x24009f80      0x100 ./Middlewares/ST/STM32_USB_Device_Library/Class/CDC/Src/usbd_cdc.o
 .text.USBD_CDC_DeInit
                0x2400a080       0x60 ./Middlewares/ST/STM32_USB_Device_Library/Class/CDC/Src/usbd_cdc.o
 .text.USBD_CDC_Init
                0x2400a0e0       0xd8 ./Middlewares/ST/STM32_USB_Device_Library/Class/CDC/Src/usbd_cdc.o
 .text.USBD_CDC_GetOtherSpeedCfgDesc
                0x2400a1b8       0x48 ./Middlewares/ST/STM32_USB_Device_Library/Class/CDC/Src/usbd_cdc.o
 .text.USBD_CDC_RegisterInterface
                0x2400a200       0x18 ./Middlewares/ST/STM32_USB_Device_Library/Class/CDC/Src/usbd_cdc.o
                0x2400a200                USBD_CDC_RegisterInterface
 .text.USBD_CDC_SetTxBuffer
                0x2400a218       0x1c ./Middlewares/ST/STM32_USB_Device_Library/Class/CDC/Src/usbd_cdc.o
                0x2400a218                USBD_CDC_SetTxBuffer
 .text.USBD_CDC_SetRxBuffer
                0x2400a234       0x18 ./Middlewares/ST/STM32_USB_Device_Library/Class/CDC/Src/usbd_cdc.o
                0x2400a234                USBD_CDC_SetRxBuffer
 .text.USBD_CDC_TransmitPacket
                0x2400a24c       0x38 ./Middlewares/ST/STM32_USB_Device_Library/Class/CDC/Src/usbd_cdc.o
                0x2400a24c                USBD_CDC_TransmitPacket
 .text.USBD_CDC_ReceivePacket
                0x2400a284       0x34 ./Middlewares/ST/STM32_USB_Device_Library/Class/CDC/Src/usbd_cdc.o
                0x2400a284                USBD_CDC_ReceivePacket
 .text.USBD_Init
                0x2400a2b8       0x28 ./Middlewares/ST/STM32_USB_Device_Library/Core/Src/usbd_core.o
                0x2400a2b8                USBD_Init
 .text.USBD_RegisterClass
                0x2400a2e0       0x38 ./Middlewares/ST/STM32_USB_Device_Library/Core/Src/usbd_core.o
                0x2400a2e0                USBD_RegisterClass
 .text.USBD_Start
                0x2400a318        0x4 ./Middlewares/ST/STM32_USB_Device_Library/Core/Src/usbd_core.o
                0x2400a318                USBD_Start
 .text.USBD_SetClassConfig
                0x2400a31c       0x10 ./Middlewares/ST/STM32_USB_Device_Library/Core/Src/usbd_core.o
                0x2400a31c                USBD_SetClassConfig
 .text.USBD_ClrClassConfig
                0x2400a32c       0x14 ./Middlewares/ST/STM32_USB_Device_Library/Core/Src/usbd_core.o
                0x2400a32c                USBD_ClrClassConfig
 .text.USBD_LL_SetupStage
                0x2400a340       0x60 ./Middlewares/ST/STM32_USB_Device_Library/Core/Src/usbd_core.o
                0x2400a340                USBD_LL_SetupStage
 .text.USBD_LL_DataOutStage
                0x2400a3a0       0x80 ./Middlewares/ST/STM32_USB_Device_Library/Core/Src/usbd_core.o
                0x2400a3a0                USBD_LL_DataOutStage
 .text.USBD_LL_DataInStage
                0x2400a420       0xc0 ./Middlewares/ST/STM32_USB_Device_Library/Core/Src/usbd_core.o
                0x2400a420                USBD_LL_DataInStage
 .text.USBD_LL_Reset
                0x2400a4e0       0x5c ./Middlewares/ST/STM32_USB_Device_Library/Core/Src/usbd_core.o
                0x2400a4e0                USBD_LL_Reset
 .text.USBD_LL_SetSpeed
                0x2400a53c        0x8 ./Middlewares/ST/STM32_USB_Device_Library/Core/Src/usbd_core.o
                0x2400a53c                USBD_LL_SetSpeed
 .text.USBD_LL_Suspend
                0x2400a544       0x20 ./Middlewares/ST/STM32_USB_Device_Library/Core/Src/usbd_core.o
                0x2400a544                USBD_LL_Suspend
 .text.USBD_LL_Resume
                0x2400a564       0x18 ./Middlewares/ST/STM32_USB_Device_Library/Core/Src/usbd_core.o
                0x2400a564                USBD_LL_Resume
 .text.USBD_LL_SOF
                0x2400a57c       0x20 ./Middlewares/ST/STM32_USB_Device_Library/Core/Src/usbd_core.o
                0x2400a57c                USBD_LL_SOF
 .text.USBD_LL_IsoINIncomplete
                0x2400a59c       0x2c ./Middlewares/ST/STM32_USB_Device_Library/Core/Src/usbd_core.o
                0x2400a59c                USBD_LL_IsoINIncomplete
 .text.USBD_LL_IsoOUTIncomplete
                0x2400a5c8       0x2c ./Middlewares/ST/STM32_USB_Device_Library/Core/Src/usbd_core.o
                0x2400a5c8                USBD_LL_IsoOUTIncomplete
 .text.USBD_LL_DevConnected
                0x2400a5f4        0x4 ./Middlewares/ST/STM32_USB_Device_Library/Core/Src/usbd_core.o
                0x2400a5f4                USBD_LL_DevConnected
 .text.USBD_LL_DevDisconnected
                0x2400a5f8       0x24 ./Middlewares/ST/STM32_USB_Device_Library/Core/Src/usbd_core.o
                0x2400a5f8                USBD_LL_DevDisconnected
 .text.USBD_CoreFindIF
                0x2400a61c        0x4 ./Middlewares/ST/STM32_USB_Device_Library/Core/Src/usbd_core.o
                0x2400a61c                USBD_CoreFindIF
 .text.USBD_CoreFindEP
                0x2400a620        0x4 ./Middlewares/ST/STM32_USB_Device_Library/Core/Src/usbd_core.o
                0x2400a620                USBD_CoreFindEP
 .text.USBD_GetEpDesc
                0x2400a624       0x2c ./Middlewares/ST/STM32_USB_Device_Library/Core/Src/usbd_core.o
                0x2400a624                USBD_GetEpDesc
 .text.USBD_StdDevReq
                0x2400a650      0x37c ./Middlewares/ST/STM32_USB_Device_Library/Core/Src/usbd_ctlreq.o
                0x2400a650                USBD_StdDevReq
 .text.USBD_StdItfReq
                0x2400a9cc       0x80 ./Middlewares/ST/STM32_USB_Device_Library/Core/Src/usbd_ctlreq.o
                0x2400a9cc                USBD_StdItfReq
 .text.USBD_StdEPReq
                0x2400aa4c      0x164 ./Middlewares/ST/STM32_USB_Device_Library/Core/Src/usbd_ctlreq.o
                0x2400aa4c                USBD_StdEPReq
 .text.USBD_ParseSetupRequest
                0x2400abb0       0x18 ./Middlewares/ST/STM32_USB_Device_Library/Core/Src/usbd_ctlreq.o
                0x2400abb0                USBD_ParseSetupRequest
 .text.USBD_CtlError
                0x2400abc8       0x18 ./Middlewares/ST/STM32_USB_Device_Library/Core/Src/usbd_ctlreq.o
                0x2400abc8                USBD_CtlError
 .text.USBD_GetString
                0x2400abe0       0x58 ./Middlewares/ST/STM32_USB_Device_Library/Core/Src/usbd_ctlreq.o
                0x2400abe0                USBD_GetString
 .text.USBD_CtlSendData
                0x2400ac38       0x1c ./Middlewares/ST/STM32_USB_Device_Library/Core/Src/usbd_ioreq.o
                0x2400ac38                USBD_CtlSendData
 .text.USBD_CtlContinueSendData
                0x2400ac54       0x14 ./Middlewares/ST/STM32_USB_Device_Library/Core/Src/usbd_ioreq.o
                0x2400ac54                USBD_CtlContinueSendData
 .text.USBD_CtlPrepareRx
                0x2400ac68       0x20 ./Middlewares/ST/STM32_USB_Device_Library/Core/Src/usbd_ioreq.o
                0x2400ac68                USBD_CtlPrepareRx
 .text.USBD_CtlContinueRx
                0x2400ac88       0x14 ./Middlewares/ST/STM32_USB_Device_Library/Core/Src/usbd_ioreq.o
                0x2400ac88                USBD_CtlContinueRx
 .text.USBD_CtlSendStatus
                0x2400ac9c       0x18 ./Middlewares/ST/STM32_USB_Device_Library/Core/Src/usbd_ioreq.o
                0x2400ac9c                USBD_CtlSendStatus
 .text.USBD_CtlReceiveStatus
                0x2400acb4       0x18 ./Middlewares/ST/STM32_USB_Device_Library/Core/Src/usbd_ioreq.o
                0x2400acb4                USBD_CtlReceiveStatus
 .text.MX_USB_DEVICE_Init
                0x2400accc       0x7c ./USB_DEVICE/App/usb_device.o
                0x2400accc                MX_USB_DEVICE_Init
 .text.CDC_DeInit_FS
                0x2400ad48        0x4 ./USB_DEVICE/App/usbd_cdc_if.o
 .text.CDC_Control_FS
                0x2400ad4c        0x4 ./USB_DEVICE/App/usbd_cdc_if.o
 .text.CDC_TransmitCplt_FS
                0x2400ad50        0x4 ./USB_DEVICE/App/usbd_cdc_if.o
 .text.CDC_Receive_FS
                0x2400ad54       0x20 ./USB_DEVICE/App/usbd_cdc_if.o
 .text.CDC_Init_FS
                0x2400ad74       0x24 ./USB_DEVICE/App/usbd_cdc_if.o
 .text.CDC_Transmit_FS
                0x2400ad98       0x2c ./USB_DEVICE/App/usbd_cdc_if.o
                0x2400ad98                CDC_Transmit_FS
 .text.USBD_FS_DeviceDescriptor
                0x2400adc4        0xc ./USB_DEVICE/App/usbd_desc.o
                0x2400adc4                USBD_FS_DeviceDescriptor
 .text.USBD_FS_LangIDStrDescriptor
                0x2400add0        0xc ./USB_DEVICE/App/usbd_desc.o
                0x2400add0                USBD_FS_LangIDStrDescriptor
 .text.USBD_FS_ManufacturerStrDescriptor
                0x2400addc       0x18 ./USB_DEVICE/App/usbd_desc.o
                0x2400addc                USBD_FS_ManufacturerStrDescriptor
 .text.USBD_FS_ProductStrDescriptor
                0x2400adf4       0x18 ./USB_DEVICE/App/usbd_desc.o
                0x2400adf4                USBD_FS_ProductStrDescriptor
 .text.USBD_FS_ConfigStrDescriptor
                0x2400ae0c       0x18 ./USB_DEVICE/App/usbd_desc.o
                0x2400ae0c                USBD_FS_ConfigStrDescriptor
 .text.USBD_FS_InterfaceStrDescriptor
                0x2400ae24       0x18 ./USB_DEVICE/App/usbd_desc.o
                0x2400ae24                USBD_FS_InterfaceStrDescriptor
 .text.USBD_FS_SerialStrDescriptor
                0x2400ae3c      0x154 ./USB_DEVICE/App/usbd_desc.o
                0x2400ae3c                USBD_FS_SerialStrDescriptor
 .text.HAL_PCD_MspInit
                0x2400af90       0xc4 ./USB_DEVICE/Target/usbd_conf.o
                0x2400af90                HAL_PCD_MspInit
 .text.HAL_PCD_SetupStageCallback
                0x2400b054        0xc ./USB_DEVICE/Target/usbd_conf.o
                0x2400b054                HAL_PCD_SetupStageCallback
 .text.HAL_PCD_DataOutStageCallback
                0x2400b060       0x14 ./USB_DEVICE/Target/usbd_conf.o
                0x2400b060                HAL_PCD_DataOutStageCallback
 .text.HAL_PCD_DataInStageCallback
                0x2400b074       0x14 ./USB_DEVICE/Target/usbd_conf.o
                0x2400b074                HAL_PCD_DataInStageCallback
 .text.HAL_PCD_SOFCallback
                0x2400b088        0x8 ./USB_DEVICE/Target/usbd_conf.o
                0x2400b088                HAL_PCD_SOFCallback
 .text.HAL_PCD_ResetCallback
                0x2400b090       0x2c ./USB_DEVICE/Target/usbd_conf.o
                0x2400b090                HAL_PCD_ResetCallback
 .text.HAL_PCD_SuspendCallback
                0x2400b0bc       0x30 ./USB_DEVICE/Target/usbd_conf.o
                0x2400b0bc                HAL_PCD_SuspendCallback
 .text.HAL_PCD_ResumeCallback
                0x2400b0ec        0x8 ./USB_DEVICE/Target/usbd_conf.o
                0x2400b0ec                HAL_PCD_ResumeCallback
 .text.HAL_PCD_ISOOUTIncompleteCallback
                0x2400b0f4        0x8 ./USB_DEVICE/Target/usbd_conf.o
                0x2400b0f4                HAL_PCD_ISOOUTIncompleteCallback
 .text.HAL_PCD_ISOINIncompleteCallback
                0x2400b0fc        0x8 ./USB_DEVICE/Target/usbd_conf.o
                0x2400b0fc                HAL_PCD_ISOINIncompleteCallback
 .text.HAL_PCD_ConnectCallback
                0x2400b104        0x8 ./USB_DEVICE/Target/usbd_conf.o
                0x2400b104                HAL_PCD_ConnectCallback
 .text.HAL_PCD_DisconnectCallback
                0x2400b10c        0x8 ./USB_DEVICE/Target/usbd_conf.o
                0x2400b10c                HAL_PCD_DisconnectCallback
 .text.USBD_LL_Init
                0x2400b114       0x68 ./USB_DEVICE/Target/usbd_conf.o
                0x2400b114                USBD_LL_Init
 .text.USBD_LL_Start
                0x2400b17c       0x18 ./USB_DEVICE/Target/usbd_conf.o
                0x2400b17c                USBD_LL_Start
 .text.USBD_LL_OpenEP
                0x2400b194       0x1c ./USB_DEVICE/Target/usbd_conf.o
                0x2400b194                USBD_LL_OpenEP
 .text.USBD_LL_CloseEP
                0x2400b1b0       0x18 ./USB_DEVICE/Target/usbd_conf.o
                0x2400b1b0                USBD_LL_CloseEP
 .text.USBD_LL_StallEP
                0x2400b1c8       0x18 ./USB_DEVICE/Target/usbd_conf.o
                0x2400b1c8                USBD_LL_StallEP
 .text.USBD_LL_ClearStallEP
                0x2400b1e0       0x18 ./USB_DEVICE/Target/usbd_conf.o
                0x2400b1e0                USBD_LL_ClearStallEP
 .text.USBD_LL_IsStallEP
                0x2400b1f8       0x28 ./USB_DEVICE/Target/usbd_conf.o
                0x2400b1f8                USBD_LL_IsStallEP
 .text.USBD_LL_SetUSBAddress
                0x2400b220       0x18 ./USB_DEVICE/Target/usbd_conf.o
                0x2400b220                USBD_LL_SetUSBAddress
 .text.USBD_LL_Transmit
                0x2400b238       0x18 ./USB_DEVICE/Target/usbd_conf.o
                0x2400b238                USBD_LL_Transmit
 .text.USBD_LL_PrepareReceive
                0x2400b250       0x18 ./USB_DEVICE/Target/usbd_conf.o
                0x2400b250                USBD_LL_PrepareReceive
 .text.USBD_LL_GetRxDataSize
                0x2400b268        0x8 ./USB_DEVICE/Target/usbd_conf.o
                0x2400b268                USBD_LL_GetRxDataSize
 .text.USBD_static_malloc
                0x2400b270        0x8 ./USB_DEVICE/Target/usbd_conf.o
                0x2400b270                USBD_static_malloc
 .text.USBD_static_free
                0x2400b278        0x4 ./USB_DEVICE/Target/usbd_conf.o
                0x2400b278                USBD_static_free
 .text._ZdlPvj  0x2400b27c        0x4 C:/ST/STM32CubeIDE_2.0.0/STM32CubeIDE/plugins/com.st.stm32cube.ide.mcu.externaltools.gnu-tools-for-stm32.14.3.rel1.win32_1.0.100.202602081740/tools/bin/../lib/gcc/arm-none-eabi/14.3.1/../../../../arm-none-eabi/lib/thumb/v7e-m+dp/hard\libstdc++_nano.a(del_ops.o)
                0x2400b27c                operator delete(void*, unsigned int)
 .text._ZdaPv   0x2400b280        0x4 C:/ST/STM32CubeIDE_2.0.0/STM32CubeIDE/plugins/com.st.stm32cube.ide.mcu.externaltools.gnu-tools-for-stm32.14.3.rel1.win32_1.0.100.202602081740/tools/bin/../lib/gcc/arm-none-eabi/14.3.1/../../../../arm-none-eabi/lib/thumb/v7e-m+dp/hard\libstdc++_nano.a(del_opv.o)
                0x2400b280                operator delete[](void*)
 .text._Znwj    0x2400b284       0x22 C:/ST/STM32CubeIDE_2.0.0/STM32CubeIDE/plugins/com.st.stm32cube.ide.mcu.externaltools.gnu-tools-for-stm32.14.3.rel1.win32_1.0.100.202602081740/tools/bin/../lib/gcc/arm-none-eabi/14.3.1/../../../../arm-none-eabi/lib/thumb/v7e-m+dp/hard\libstdc++_nano.a(new_op.o)
                0x2400b284                operator new(unsigned int)
 .text._Znaj    0x2400b2a6        0x4 C:/ST/STM32CubeIDE_2.0.0/STM32CubeIDE/plugins/com.st.stm32cube.ide.mcu.externaltools.gnu-tools-for-stm32.14.3.rel1.win32_1.0.100.202602081740/tools/bin/../lib/gcc/arm-none-eabi/14.3.1/../../../../arm-none-eabi/lib/thumb/v7e-m+dp/hard\libstdc++_nano.a(new_opv.o)
                0x2400b2a6                operator new[](unsigned int)
 .text._ZdlPv   0x2400b2aa        0x4 C:/ST/STM32CubeIDE_2.0.0/STM32CubeIDE/plugins/com.st.stm32cube.ide.mcu.externaltools.gnu-tools-for-stm32.14.3.rel1.win32_1.0.100.202602081740/tools/bin/../lib/gcc/arm-none-eabi/14.3.1/../../../../arm-none-eabi/lib/thumb/v7e-m+dp/hard\libstdc++_nano.a(del_op.o)
                0x2400b2aa                operator delete(void*)
 *fill*         0x2400b2ae        0x2 
 .text._ZSt15get_new_handlerv
                0x2400b2b0       0x10 C:/ST/STM32CubeIDE_2.0.0/STM32CubeIDE/plugins/com.st.stm32cube.ide.mcu.externaltools.gnu-tools-for-stm32.14.3.rel1.win32_1.0.100.202602081740/tools/bin/../lib/gcc/arm-none-eabi/14.3.1/../../../../arm-none-eabi/lib/thumb/v7e-m+dp/hard\libstdc++_nano.a(new_handler.o)
                0x2400b2b0                std::get_new_handler()
 .text.abort    0x2400b2c0        0xe C:/ST/STM32CubeIDE_2.0.0/STM32CubeIDE/plugins/com.st.stm32cube.ide.mcu.externaltools.gnu-tools-for-stm32.14.3.rel1.win32_1.0.100.202602081740/tools/bin/../lib/gcc/arm-none-eabi/14.3.1/../../../../arm-none-eabi/lib/thumb/v7e-m+dp/hard\libc_nano.a(libc_a-abort.o)
                0x2400b2c0                abort
 *fill*         0x2400b2ce        0x2 
 .text.malloc   0x2400b2d0       0x10 C:/ST/STM32CubeIDE_2.0.0/STM32CubeIDE/plugins/com.st.stm32cube.ide.mcu.externaltools.gnu-tools-for-stm32.14.3.rel1.win32_1.0.100.202602081740/tools/bin/../lib/gcc/arm-none-eabi/14.3.1/../../../../arm-none-eabi/lib/thumb/v7e-m+dp/hard\libc_nano.a(libc_a-malloc.o)
                0x2400b2d0                malloc
 .text.free     0x2400b2e0       0x10 C:/ST/STM32CubeIDE_2.0.0/STM32CubeIDE/plugins/com.st.stm32cube.ide.mcu.externaltools.gnu-tools-for-stm32.14.3.rel1.win32_1.0.100.202602081740/tools/bin/../lib/gcc/arm-none-eabi/14.3.1/../../../../arm-none-eabi/lib/thumb/v7e-m+dp/hard\libc_nano.a(libc_a-malloc.o)
                0x2400b2e0                free
 .text.sbrk_aligned
                0x2400b2f0       0x44 C:/ST/STM32CubeIDE_2.0.0/STM32CubeIDE/plugins/com.st.stm32cube.ide.mcu.externaltools.gnu-tools-for-stm32.14.3.rel1.win32_1.0.100.202602081740/tools/bin/../lib/gcc/arm-none-eabi/14.3.1/../../../../arm-none-eabi/lib/thumb/v7e-m+dp/hard\libc_nano.a(libc_a-mallocr.o)
 .text._malloc_r
                0x2400b334      0x100 C:/ST/STM32CubeIDE_2.0.0/STM32CubeIDE/plugins/com.st.stm32cube.ide.mcu.externaltools.gnu-tools-for-stm32.14.3.rel1.win32_1.0.100.202602081740/tools/bin/../lib/gcc/arm-none-eabi/14.3.1/../../../../arm-none-eabi/lib/thumb/v7e-m+dp/hard\libc_nano.a(libc_a-mallocr.o)
                0x2400b334                _malloc_r
 .text.__malloc_lock
                0x2400b434        0xc C:/ST/STM32CubeIDE_2.0.0/STM32CubeIDE/plugins/com.st.stm32cube.ide.mcu.externaltools.gnu-tools-for-stm32.14.3.rel1.win32_1.0.100.202602081740/tools/bin/../lib/gcc/arm-none-eabi/14.3.1/../../../../arm-none-eabi/lib/thumb/v7e-m+dp/hard\libc_nano.a(libc_a-mlock.o)
                0x2400b434                __malloc_lock
 .text.__malloc_unlock
                0x2400b440        0xc C:/ST/STM32CubeIDE_2.0.0/STM32CubeIDE/plugins/com.st.stm32cube.ide.mcu.externaltools.gnu-tools-for-stm32.14.3.rel1.win32_1.0.100.202602081740/tools/bin/../lib/gcc/arm-none-eabi/14.3.1/../../../../arm-none-eabi/lib/thumb/v7e-m+dp/hard\libc_nano.a(libc_a-mlock.o)
                0x2400b440                __malloc_unlock
 .text.memset   0x2400b44c       0x10 C:/ST/STM32CubeIDE_2.0.0/STM32CubeIDE/plugins/com.st.stm32cube.ide.mcu.externaltools.gnu-tools-for-stm32.14.3.rel1.win32_1.0.100.202602081740/tools/bin/../lib/gcc/arm-none-eabi/14.3.1/../../../../arm-none-eabi/lib/thumb/v7e-m+dp/hard\libc_nano.a(libc_a-memset.o)
                0x2400b44c                memset
 .text._raise_r
                0x2400b45c       0x50 C:/ST/STM32CubeIDE_2.0.0/STM32CubeIDE/plugins/com.st.stm32cube.ide.mcu.externaltools.gnu-tools-for-stm32.14.3.rel1.win32_1.0.100.202602081740/tools/bin/../lib/gcc/arm-none-eabi/14.3.1/../../../../arm-none-eabi/lib/thumb/v7e-m+dp/hard\libc_nano.a(libc_a-signal.o)
                0x2400b45c                _raise_r
 .text.raise    0x2400b4ac       0x10 C:/ST/STM32CubeIDE_2.0.0/STM32CubeIDE/plugins/com.st.stm32cube.ide.mcu.externaltools.gnu-tools-for-stm32.14.3.rel1.win32_1.0.100.202602081740/tools/bin/../lib/gcc/arm-none-eabi/14.3.1/../../../../arm-none-eabi/lib/thumb/v7e-m+dp/hard\libc_nano.a(libc_a-signal.o)
                0x2400b4ac                raise
 .text._kill_r  0x2400b4bc       0x24 C:/ST/STM32CubeIDE_2.0.0/STM32CubeIDE/plugins/com.st.stm32cube.ide.mcu.externaltools.gnu-tools-for-stm32.14.3.rel1.win32_1.0.100.202602081740/tools/bin/../lib/gcc/arm-none-eabi/14.3.1/../../../../arm-none-eabi/lib/thumb/v7e-m+dp/hard\libc_nano.a(libc_a-signalr.o)
                0x2400b4bc                _kill_r
 .text._getpid_r
                0x2400b4e0        0x4 C:/ST/STM32CubeIDE_2.0.0/STM32CubeIDE/plugins/com.st.stm32cube.ide.mcu.externaltools.gnu-tools-for-stm32.14.3.rel1.win32_1.0.100.202602081740/tools/bin/../lib/gcc/arm-none-eabi/14.3.1/../../../../arm-none-eabi/lib/thumb/v7e-m+dp/hard\libc_nano.a(libc_a-signalr.o)
                0x2400b4e0                _getpid_r
 .text._sbrk_r  0x2400b4e4       0x20 C:/ST/STM32CubeIDE_2.0.0/STM32CubeIDE/plugins/com.st.stm32cube.ide.mcu.externaltools.gnu-tools-for-stm32.14.3.rel1.win32_1.0.100.202602081740/tools/bin/../lib/gcc/arm-none-eabi/14.3.1/../../../../arm-none-eabi/lib/thumb/v7e-m+dp/hard\libc_nano.a(libc_a-sbrkr.o)
                0x2400b4e4                _sbrk_r
 .text.__errno  0x2400b504        0xc C:/ST/STM32CubeIDE_2.0.0/STM32CubeIDE/plugins/com.st.stm32cube.ide.mcu.externaltools.gnu-tools-for-stm32.14.3.rel1.win32_1.0.100.202602081740/tools/bin/../lib/gcc/arm-none-eabi/14.3.1/../../../../arm-none-eabi/lib/thumb/v7e-m+dp/hard\libc_nano.a(libc_a-errno.o)
                0x2400b504                __errno
 .text.__libc_init_array
                0x2400b510       0x48 C:/ST/STM32CubeIDE_2.0.0/STM32CubeIDE/plugins/com.st.stm32cube.ide.mcu.externaltools.gnu-tools-for-stm32.14.3.rel1.win32_1.0.100.202602081740/tools/bin/../lib/gcc/arm-none-eabi/14.3.1/../../../../arm-none-eabi/lib/thumb/v7e-m+dp/hard\libc_nano.a(libc_a-init.o)
                0x2400b510                __libc_init_array
 .text.__retarget_lock_acquire_recursive
                0x2400b558        0x2 C:/ST/STM32CubeIDE_2.0.0/STM32CubeIDE/plugins/com.st.stm32cube.ide.mcu.externaltools.gnu-tools-for-stm32.14.3.rel1.win32_1.0.100.202602081740/tools/bin/../lib/gcc/arm-none-eabi/14.3.1/../../../../arm-none-eabi/lib/thumb/v7e-m+dp/hard\libc_nano.a(libc_a-lock.o)
                0x2400b558                __retarget_lock_acquire_recursive
 .text.__retarget_lock_release_recursive
                0x2400b55a        0x2 C:/ST/STM32CubeIDE_2.0.0/STM32CubeIDE/plugins/com.st.stm32cube.ide.mcu.externaltools.gnu-tools-for-stm32.14.3.rel1.win32_1.0.100.202602081740/tools/bin/../lib/gcc/arm-none-eabi/14.3.1/../../../../arm-none-eabi/lib/thumb/v7e-m+dp/hard\libc_nano.a(libc_a-lock.o)
                0x2400b55a                __retarget_lock_release_recursive
 .text._free_r  0x2400b55c       0x94 C:/ST/STM32CubeIDE_2.0.0/STM32CubeIDE/plugins/com.st.stm32cube.ide.mcu.externaltools.gnu-tools-for-stm32.14.3.rel1.win32_1.0.100.202602081740/tools/bin/../lib/gcc/arm-none-eabi/14.3.1/../../../../arm-none-eabi/lib/thumb/v7e-m+dp/hard\libc_nano.a(libc_a-freer.o)
                0x2400b55c                _free_r
 *(.glue_7)
 .glue_7        0x2400b5f0        0x0 linker stubs
 *(.glue_7t)
 .glue_7t       0x2400b5f0        0x0 linker stubs
 *(.eh_frame)
 .eh_frame      0x2400b5f0        0x0 C:/ST/STM32CubeIDE_2.0.0/STM32CubeIDE/plugins/com.st.stm32cube.ide.mcu.externaltools.gnu-tools-for-stm32.14.3.rel1.win32_1.0.100.202602081740/tools/bin/../lib/gcc/arm-none-eabi/14.3.1/thumb/v7e-m+dp/hard/crtbegin.o
 *(.init)
 .init          0x2400b5f0        0x4 C:/ST/STM32CubeIDE_2.0.0/STM32CubeIDE/plugins/com.st.stm32cube.ide.mcu.externaltools.gnu-tools-for-stm32.14.3.rel1.win32_1.0.100.202602081740/tools/bin/../lib/gcc/arm-none-eabi/14.3.1/thumb/v7e-m+dp/hard/crti.o
                0x2400b5f0                _init
 .init          0x2400b5f4        0x8 C:/ST/STM32CubeIDE_2.0.0/STM32CubeIDE/plugins/com.st.stm32cube.ide.mcu.externaltools.gnu-tools-for-stm32.14.3.rel1.win32_1.0.100.202602081740/tools/bin/../lib/gcc/arm-none-eabi/14.3.1/thumb/v7e-m+dp/hard/crtn.o
 *(.fini)
 .fini          0x2400b5fc        0x4 C:/ST/STM32CubeIDE_2.0.0/STM32CubeIDE/plugins/com.st.stm32cube.ide.mcu.externaltools.gnu-tools-for-stm32.14.3.rel1.win32_1.0.100.202602081740/tools/bin/../lib/gcc/arm-none-eabi/14.3.1/thumb/v7e-m+dp/hard/crti.o
                0x2400b5fc                _fini
 .fini          0x2400b600        0x8 C:/ST/STM32CubeIDE_2.0.0/STM32CubeIDE/plugins/com.st.stm32cube.ide.mcu.externaltools.gnu-tools-for-stm32.14.3.rel1.win32_1.0.100.202602081740/tools/bin/../lib/gcc/arm-none-eabi/14.3.1/thumb/v7e-m+dp/hard/crtn.o
                0x2400b608                        . = ALIGN (0x4)
                0x2400b608                        __eTEXT = .
                0x2400b608                        _etext = .

.vfp11_veneer   0x2400b608        0x0 load address 0x0800ba50
 .vfp11_veneer  0x2400b608        0x0 linker stubs

.v4_bx          0x2400b608        0x0 load address 0x0800ba50
 .v4_bx         0x2400b608        0x0 linker stubs

.iplt           0x2400b608        0x0 load address 0x0800ba50
 .iplt          0x2400b608        0x0 C:/ST/STM32CubeIDE_2.0.0/STM32CubeIDE/plugins/com.st.stm32cube.ide.mcu.externaltools.gnu-tools-for-stm32.14.3.rel1.win32_1.0.100.202602081740/tools/bin/../lib/gcc/arm-none-eabi/14.3.1/thumb/v7e-m+dp/hard/crtbegin.o

.rodata         0x0800ba50      0x2a4
                0x0800ba50                        . = ALIGN (0x4)
 *(.rodata)
 *(.rodata*)
 .rodata.D1CorePrescTable
                0x0800ba50       0x10 ./Core/Src/system_stm32h7xx.o
                0x0800ba50                D1CorePrescTable
 .rodata._ZTVN10DadDrivers8cW25Q128E
                0x0800ba60       0x3c ./DAD_FORGE/Drivers/Src/W25Q128.o
                0x0800ba60                vtable for DadDrivers::cW25Q128
 .rodata._ZN6DadGUI14__ColorPaletteE
                0x0800ba9c      0x1e0 ./DAD_FORGE/GUI/Core/Src/MainGUI.o
                0x0800ba9c                DadGUI::__ColorPalette
 .rodata.flagBitshiftOffset.0
                0x0800bc7c        0x8 ./Drivers/STM32H7xx_HAL_Driver/Src/stm32h7xx_hal_dma.o
 .rodata.UARTPrescTable
                0x0800bc84       0x18 ./Drivers/STM32H7xx_HAL_Driver/Src/stm32h7xx_hal_uart.o
                0x0800bc84                UARTPrescTable
 .rodata.denominator.0
                0x0800bc9c        0x8 ./Drivers/STM32H7xx_HAL_Driver/Src/stm32h7xx_hal_uart_ex.o
 .rodata.numerator.1
                0x0800bca4        0x8 ./Drivers/STM32H7xx_HAL_Driver/Src/stm32h7xx_hal_uart_ex.o
 .rodata.USBD_FS_ManufacturerStrDescriptor.str1.4
                0x0800bcac       0x46 ./USB_DEVICE/App/usbd_desc.o
                                 0x13 (size before relaxing)
 .rodata.USBD_FS_ProductStrDescriptor.str1.4
                0x0800bcf2       0x16 ./USB_DEVICE/App/usbd_desc.o
 .rodata.USBD_FS_ConfigStrDescriptor.str1.4
                0x0800bcf2        0xb ./USB_DEVICE/App/usbd_desc.o
 .rodata.USBD_FS_InterfaceStrDescriptor.str1.4
                0x0800bcf2        0xe ./USB_DEVICE/App/usbd_desc.o
                0x0800bd08                        . = ALIGN (0x4)
 *fill*         0x0800bcf2        0x2 

.ARM.extab
 *(.ARM.extab* .gnu.linkonce.armextab.*)

.ARM            0x0800bcf4        0x8
                0x0800bcf4                        __exidx_start = .
 *(.ARM.exidx*)
 .ARM.exidx     0x0800bcf4        0x8 C:/ST/STM32CubeIDE_2.0.0/STM32CubeIDE/plugins/com.st.stm32cube.ide.mcu.externaltools.gnu-tools-for-stm32.14.3.rel1.win32_1.0.100.202602081740/tools/bin/../lib/gcc/arm-none-eabi/14.3.1/../../../../arm-none-eabi/lib/thumb/v7e-m+dp/hard\libc_nano.a(libc_a-strlen.o)
 .ARM.exidx     0x0800bcfc        0x0 C:/ST/STM32CubeIDE_2.0.0/STM32CubeIDE/plugins/com.st.stm32cube.ide.mcu.externaltools.gnu-tools-for-stm32.14.3.rel1.win32_1.0.100.202602081740/tools/bin/../lib/gcc/arm-none-eabi/14.3.1/thumb/v7e-m+dp/hard\libgcc.a(_udivmoddi4.o)
                                  0x8 (size before relaxing)
                0x0800bcfc                        __exidx_end = .

.preinit_array  0x0800bcfc        0x0
                0x0800bcfc                        PROVIDE (__preinit_array_start = .)
 *(.preinit_array*)
                0x0800bcfc                        PROVIDE (__preinit_array_end = .)

.init_array     0x0800bcfc       0x10
                0x0800bcfc                        PROVIDE (__init_array_start = .)
 *(SORT_BY_NAME(.init_array.*))
 *(.init_array*)
 .init_array    0x0800bcfc        0x4 C:/ST/STM32CubeIDE_2.0.0/STM32CubeIDE/plugins/com.st.stm32cube.ide.mcu.externaltools.gnu-tools-for-stm32.14.3.rel1.win32_1.0.100.202602081740/tools/bin/../lib/gcc/arm-none-eabi/14.3.1/thumb/v7e-m+dp/hard/crtbegin.o
 .init_array    0x0800bd00        0x4 ./DAD_FORGE/GUI/Core/Src/MainGUI.o
 .init_array    0x0800bd04        0x4 ./FlasherClient/Src/FlasherClient.o
 .init_array    0x0800bd08        0x4 ./HardwareAndCo/Src/HardwareAndCoFlasher.o
                0x0800bd0c                        PROVIDE (__init_array_end = .)

.fini_array     0x0800bd0c        0x8
                [!provide]                        PROVIDE (__fini_array_start = .)
 *(SORT_BY_NAME(.fini_array.*))
 *(.fini_array*)
 .fini_array    0x0800bd0c        0x4 C:/ST/STM32CubeIDE_2.0.0/STM32CubeIDE/plugins/com.st.stm32cube.ide.mcu.externaltools.gnu-tools-for-stm32.14.3.rel1.win32_1.0.100.202602081740/tools/bin/../lib/gcc/arm-none-eabi/14.3.1/thumb/v7e-m+dp/hard/crtbegin.o
 .fini_array    0x0800bd10        0x4 ./FlasherClient/Src/FlasherClient.o
                [!provide]                        PROVIDE (__fini_array_end = .)
                0x0800bd14                        _sidata = LOADADDR (.data)

.rel.dyn        0x0800bd14        0x0
 .rel.iplt      0x0800bd14        0x0 C:/ST/STM32CubeIDE_2.0.0/STM32CubeIDE/plugins/com.st.stm32cube.ide.mcu.externaltools.gnu-tools-for-stm32.14.3.rel1.win32_1.0.100.202602081740/tools/bin/../lib/gcc/arm-none-eabi/14.3.1/thumb/v7e-m+dp/hard/crtbegin.o

.data           0x2400b608      0x154 load address 0x0800bd14
                0x2400b608                        . = ALIGN (0x4)
                0x2400b608                        _sdata = .
 *(.data)
 *(.data*)
 .data.SystemD2Clock
                0x2400b608        0x4 ./Core/Src/system_stm32h7xx.o
                0x2400b608                SystemD2Clock
 .data.SystemCoreClock
                0x2400b60c        0x4 ./Core/Src/system_stm32h7xx.o
                0x2400b60c                SystemCoreClock
 .data._ZN6DadGUI16__pActivePaletteE
                0x2400b610        0x4 ./DAD_FORGE/GUI/Core/Src/MainGUI.o
                0x2400b610                DadGUI::__pActivePalette
 .data.uwTickFreq
                0x2400b614        0x1 ./Drivers/STM32H7xx_HAL_Driver/Src/stm32h7xx_hal.o
                0x2400b614                uwTickFreq
 *fill*         0x2400b615        0x3 
 .data.uwTickPrio
                0x2400b618        0x4 ./Drivers/STM32H7xx_HAL_Driver/Src/stm32h7xx_hal.o
                0x2400b618                uwTickPrio
 .data.USBD_CDC_CfgDesc
                0x2400b61c       0x43 ./Middlewares/ST/STM32_USB_Device_Library/Class/CDC/Src/usbd_cdc.o
 *fill*         0x2400b65f        0x1 
 .data.USBD_CDC
                0x2400b660       0x38 ./Middlewares/ST/STM32_USB_Device_Library/Class/CDC/Src/usbd_cdc.o
                0x2400b660                USBD_CDC
 .data.USBD_CDC_DeviceQualifierDesc
                0x2400b698        0xa ./Middlewares/ST/STM32_USB_Device_Library/Class/CDC/Src/usbd_cdc.o
 *fill*         0x2400b6a2        0x2 
 .data.USBD_Interface_fops_FS
                0x2400b6a4       0x14 ./USB_DEVICE/App/usbd_cdc_if.o
                0x2400b6a4                USBD_Interface_fops_FS
 .data.USBD_StringSerial
                0x2400b6b8       0x1a ./USB_DEVICE/App/usbd_desc.o
                0x2400b6b8                USBD_StringSerial
 *fill*         0x2400b6d2        0x2 
 .data.USBD_LangIDDesc
                0x2400b6d4        0x4 ./USB_DEVICE/App/usbd_desc.o
                0x2400b6d4                USBD_LangIDDesc
 .data.USBD_FS_DeviceDesc
                0x2400b6d8       0x12 ./USB_DEVICE/App/usbd_desc.o
                0x2400b6d8                USBD_FS_DeviceDesc
 *fill*         0x2400b6ea        0x2 
 .data.FS_Desc  0x2400b6ec       0x20 ./USB_DEVICE/App/usbd_desc.o
                0x2400b6ec                FS_Desc
 .data._impure_ptr
                0x2400b70c        0x4 C:/ST/STM32CubeIDE_2.0.0/STM32CubeIDE/plugins/com.st.stm32cube.ide.mcu.externaltools.gnu-tools-for-stm32.14.3.rel1.win32_1.0.100.202602081740/tools/bin/../lib/gcc/arm-none-eabi/14.3.1/../../../../arm-none-eabi/lib/thumb/v7e-m+dp/hard\libc_nano.a(libc_a-impure.o)
                0x2400b70c                _impure_ptr
 .data._impure_data
                0x2400b710       0x4c C:/ST/STM32CubeIDE_2.0.0/STM32CubeIDE/plugins/com.st.stm32cube.ide.mcu.externaltools.gnu-tools-for-stm32.14.3.rel1.win32_1.0.100.202602081740/tools/bin/../lib/gcc/arm-none-eabi/14.3.1/../../../../arm-none-eabi/lib/thumb/v7e-m+dp/hard\libc_nano.a(libc_a-impure.o)
                0x2400b710                _impure_data
 *(.RamFunc)
 *(.RamFunc*)
                0x2400b75c                        . = ALIGN (0x4)
                0x2400b75c                        _edata = .
                0x0800be68                        __lITCM = LOADADDR (.ITCMRAM_Section)

.igot.plt       0x2400b75c        0x0 load address 0x0800be68
 .igot.plt      0x2400b75c        0x0 C:/ST/STM32CubeIDE_2.0.0/STM32CubeIDE/plugins/com.st.stm32cube.ide.mcu.externaltools.gnu-tools-for-stm32.14.3.rel1.win32_1.0.100.202602081740/tools/bin/../lib/gcc/arm-none-eabi/14.3.1/thumb/v7e-m+dp/hard/crtbegin.o

.ITCMRAM_Section
                0x00000000        0x0 load address 0x0800be68
                0x00000000                        . = ALIGN (0x4)
                0x00000000                        __sITCM = .
 *(.moveITCM)
 *DAD_STM_GFX2/Src/*.o(.text)
 *DAD_STM_GFX2/Src/*.o(.text*)
                0x00000000                        . = ALIGN (0x4)
                0x00000000                        __eITCM = .
                0x00000000                        . = ALIGN (0x4)

.bss            0x2400b760     0x4398
                0x2400b760                        _sbss = .
                0x2400b760                        __bss_start__ = _sbss
 *(.bss)
 .bss           0x2400b760       0x1c C:/ST/STM32CubeIDE_2.0.0/STM32CubeIDE/plugins/com.st.stm32cube.ide.mcu.externaltools.gnu-tools-for-stm32.14.3.rel1.win32_1.0.100.202602081740/tools/bin/../lib/gcc/arm-none-eabi/14.3.1/thumb/v7e-m+dp/hard/crtbegin.o
 *(.bss*)
 *fill*         0x2400b77c        0x4 
 .bss.hsdram1   0x2400b780       0x34 ./Core/Src/main.o
                0x2400b780                hsdram1
 .bss.hdma_usart1_rx
                0x2400b7b4       0x78 ./Core/Src/main.o
                0x2400b7b4                hdma_usart1_rx
 *fill*         0x2400b82c        0x4 
 .bss.huart1    0x2400b830       0x94 ./Core/Src/main.o
                0x2400b830                huart1
 *fill*         0x2400b8c4        0x4 
 .bss.htim6     0x2400b8c8       0x4c ./Core/Src/main.o
                0x2400b8c8                htim6
 .bss.hdma_spi1_tx
                0x2400b914       0x78 ./Core/Src/main.o
                0x2400b914                hdma_spi1_tx
 *fill*         0x2400b98c        0x4 
 .bss.hspi1     0x2400b990       0xb4 ./Core/Src/main.o
                0x2400b990                hspi1
 .bss.hdma_sai1_b
                0x2400ba44       0x78 ./Core/Src/main.o
                0x2400ba44                hdma_sai1_b
 .bss.hdma_sai1_a
                0x2400babc       0x78 ./Core/Src/main.o
                0x2400babc                hdma_sai1_a
 *fill*         0x2400bb34        0x4 
 .bss.hsai_BlockB1
                0x2400bb38       0x98 ./Core/Src/main.o
                0x2400bb38                hsai_BlockB1
 .bss.hsai_BlockA1
                0x2400bbd0       0x98 ./Core/Src/main.o
                0x2400bbd0                hsai_BlockA1
 .bss.hrng      0x2400bc68       0x14 ./Core/Src/main.o
                0x2400bc68                hrng
 *fill*         0x2400bc7c        0x4 
 .bss.hqspi     0x2400bc80       0x4c ./Core/Src/main.o
                0x2400bc80                hqspi
 *fill*         0x2400bccc        0x4 
 .bss.hdma2d    0x2400bcd0       0x68 ./Core/Src/main.o
                0x2400bcd0                hdma2d
 .bss.SAI1_client
                0x2400bd38        0x4 ./Core/Src/stm32h7xx_hal_msp.o
 .bss.FMC_Initialized
                0x2400bd3c        0x4 ./Core/Src/stm32h7xx_hal_msp.o
 .bss.__sbrk_heap_end
                0x2400bd40        0x4 ./Core/Src/sysmem.o
 .bss._ZN6DadGUI15__MemoryManagerE
                0x2400bd44       0x58 ./DAD_FORGE/GUI/Core/Src/MainGUI.o
                0x2400bd44                DadGUI::__MemoryManager
 .bss._ZN6DadGUI19__MempActivePaletteE
                0x2400bd9c        0x4 ./DAD_FORGE/GUI/Core/Src/MainGUI.o
                0x2400bd9c                DadGUI::__MempActivePalette
 .bss.uwTick    0x2400bda0        0x4 ./Drivers/STM32H7xx_HAL_Driver/Src/stm32h7xx_hal.o
                0x2400bda0                uwTick
 .bss.__PageBuff
                0x2400bda4     0x2000 ./FlasherClient/Src/FlasherClient.o
                0x2400bda4                __PageBuff
 *fill*         0x2400dda4        0x4 
 .bss.___DataBuff
                0x2400dda8       0x10 ./FlasherClient/Src/FlasherClient.o
                0x2400dda8                ___DataBuff
 .bss.__Flash   0x2400ddb8       0x10 ./HardwareAndCo/Src/HardwareAndCoFlasher.o
                0x2400ddb8                __Flash
 .bss.cfgidx.0  0x2400ddc8        0x1 ./Middlewares/ST/STM32_USB_Device_Library/Core/Src/usbd_ctlreq.o
 *fill*         0x2400ddc9        0x3 
 .bss.hUsbDeviceFS
                0x2400ddcc      0x2dc ./USB_DEVICE/App/usb_device.o
                0x2400ddcc                hUsbDeviceFS
 .bss.UserTxBufferFS
                0x2400e0a8      0x800 ./USB_DEVICE/App/usbd_cdc_if.o