D:/Dev/Cube/OSCAR_P01_FlasherClient/DAD_FORGE/GUI/Core/Inc/GUI_Event.h:32:18:virtual void DadGUI::iGUI_EventListener::on_GUI_RT_Process()	0	static
D:/Dev/Cube/OSCAR_P01_FlasherClient/DAD_FORGE/GUI/Core/Inc/GUI_Event.h:35:18:virtual void DadGUI::iGUI_EventListener::on_GUI_RT_ProcessIn(AudioBuffer*)	0	static
D:/Dev/Cube/OSCAR_P01_FlasherClient/DAD_FORGE/GUI/Core/Inc/GUI_Event.h:38:18:virtual void DadGUI::iGUI_EventListener::on_GUI_RT_ProcessOut(AudioBuffer*)	0	static
D:/Dev/Cube/OSCAR_P01_FlasherClient/DAD_FORGE/GUI/Core/Inc/GUI_Event.h:44:18:virtual void DadGUI::iGUI_EventListener::on_GUI_FastUpdate()	0	static
D:/Dev/Cube/OSCAR_P01_FlasherClient/DAD_FORGE/GUI/Core/Inc/iUIComponent.h:47:18:virtual void DadGUI::iUIComponent::Activate()	0	static
D:/Dev/Cube/OSCAR_P01_FlasherClient/DAD_FORGE/GUI/Core/Inc/iUIComponent.h:50:18:virtual void DadGUI::iUIComponent::Deactivate()	0	static
D:/Dev/Cube/OSCAR_P01_FlasherClient/DAD_FORGE/GUI/Core/Inc/iUIComponent.h:53:18:virtual void DadGUI::iUIComponent::Update()	0	static
../DAD_FORGE/GUI/Core/Src/MainGUI.cpp:187:6:static void DadGUI::cMainGUI::MIDI_On_CallBack(uint8_t, uint8_t, uint32_t)	0	static
../DAD_FORGE/GUI/Core/Src/MainGUI.cpp:196:6:static void DadGUI::cMainGUI::MIDI_Off_CallBack(uint8_t, uint8_t, uint32_t)	0	static
../DAD_FORGE/GUI/Core/Src/MainGUI.cpp:205:6:static void DadGUI::cMainGUI::MIDI_ByPass_CallBack(uint8_t, uint8_t, uint32_t)	0	static
D:/Dev/Cube/OSCAR_P01_FlasherClient/DAD_FORGE/GUI/Core/Inc/MainGUI.h:159:13:DadGUI::cMainGUI::~cMainGUI()	8	static
../DAD_FORGE/GUI/Core/Src/MainGUI.cpp:118:6:virtual void DadGUI::cMainGUI::on_GUI_Update()	8	static
D:/Dev/Cube/OSCAR_P01_FlasherClient/DAD_FORGE/GUI/Core/Inc/MainGUI.h:159:13:virtual DadGUI::cMainGUI::~cMainGUI()	8	static
../DAD_FORGE/GUI/Core/Src/MainGUI.cpp:56:6:void DadGUI::cMainGUI::Initialize()	16	static
../DAD_FORGE/GUI/Core/Src/MainGUI.cpp:95:6:void DadGUI::cMainGUI::Start()	8	static
../DAD_FORGE/GUI/Core/Src/MainGUI.cpp:150:6:void DadGUI::cMainGUI::activeMainComponent(DadGUI::iUIComponent*)	16	static
../DAD_FORGE/GUI/Core/Src/MainGUI.cpp:167:6:void DadGUI::cMainGUI::activeBackComponent(DadGUI::iUIComponent*)	16	static
../DAD_FORGE/GUI/Core/Src/MainGUI.cpp:209:1:cpp)	0	static
